Component: ARM Compiler 5.06 update 7 (build 960) Tool: armlink [4d3601]

==============================================================================

Section Cross References

    startup_stm32f103xb.o(RESET) refers to startup_stm32f103xb.o(STACK) for __initial_sp
    startup_stm32f103xb.o(RESET) refers to startup_stm32f103xb.o(.text) for Reset_Handler
    startup_stm32f103xb.o(RESET) refers to stm32f1xx_it.o(i.NMI_Handler) for NMI_Handler
    startup_stm32f103xb.o(RESET) refers to stm32f1xx_it.o(i.HardFault_Handler) for HardFault_Handler
    startup_stm32f103xb.o(RESET) refers to stm32f1xx_it.o(i.MemManage_Handler) for MemManage_Handler
    startup_stm32f103xb.o(RESET) refers to stm32f1xx_it.o(i.BusFault_Handler) for BusFault_Handler
    startup_stm32f103xb.o(RESET) refers to stm32f1xx_it.o(i.UsageFault_Handler) for UsageFault_Handler
    startup_stm32f103xb.o(RESET) refers to stm32f1xx_it.o(i.SVC_Handler) for SVC_Handler
    startup_stm32f103xb.o(RESET) refers to stm32f1xx_it.o(i.DebugMon_Handler) for DebugMon_Handler
    startup_stm32f103xb.o(RESET) refers to stm32f1xx_it.o(i.PendSV_Handler) for PendSV_Handler
    startup_stm32f103xb.o(RESET) refers to stm32f1xx_it.o(i.SysTick_Handler) for SysTick_Handler
    startup_stm32f103xb.o(RESET) refers to stm32f1xx_it.o(i.DMA1_Channel2_IRQHandler) for DMA1_Channel2_IRQHandler
    startup_stm32f103xb.o(RESET) refers to stm32f1xx_it.o(i.DMA1_Channel3_IRQHandler) for DMA1_Channel3_IRQHandler
    startup_stm32f103xb.o(RESET) refers to stm32f1xx_it.o(i.SPI1_IRQHandler) for SPI1_IRQHandler
    startup_stm32f103xb.o(.text) refers to system_stm32f1xx.o(i.SystemInit) for SystemInit
    startup_stm32f103xb.o(.text) refers to entry.o(.ARM.Collect$$$$00000000) for __main
    w25qxx.o(i.flash_test) refers to w25qxx.o(i.w25qxx_write) for w25qxx_write
    w25qxx.o(i.flash_test) refers to w25qxx.o(i.w25qxx_read) for w25qxx_read
    w25qxx.o(i.w25qxx_erase_chip) refers to spi.o(i.Spi1Select) for Spi1Select
    w25qxx.o(i.w25qxx_erase_chip) refers to spi.o(i.Spi1WriteByte) for Spi1WriteByte
    w25qxx.o(i.w25qxx_erase_chip) refers to w25qxx.o(i.w25qxx_wait_busy) for w25qxx_wait_busy
    w25qxx.o(i.w25qxx_erase_sector) refers to w25qxx.o(i.w25qxx_write_enable) for w25qxx_write_enable
    w25qxx.o(i.w25qxx_erase_sector) refers to w25qxx.o(i.w25qxx_wait_busy) for w25qxx_wait_busy
    w25qxx.o(i.w25qxx_erase_sector) refers to spi.o(i.Spi1Select) for Spi1Select
    w25qxx.o(i.w25qxx_erase_sector) refers to spi.o(i.Spi1WriteDWord) for Spi1WriteDWord
    w25qxx.o(i.w25qxx_init) refers to w25qxx.o(i.w25qxx_readID) for w25qxx_readID
    w25qxx.o(i.w25qxx_init) refers to w25qxx.o(i.w25qxx_read) for w25qxx_read
    w25qxx.o(i.w25qxx_init) refers to w25qxx.o(i.flash_test) for flash_test
    w25qxx.o(i.w25qxx_powerdown) refers to spi.o(i.Spi1Select) for Spi1Select
    w25qxx.o(i.w25qxx_powerdown) refers to spi.o(i.Spi1WriteReadByte) for Spi1WriteReadByte
    w25qxx.o(i.w25qxx_powerdown) refers to stm32f1xx_hal.o(i.HAL_Delay) for HAL_Delay
    w25qxx.o(i.w25qxx_read) refers to spi.o(i.Spi1Select) for Spi1Select
    w25qxx.o(i.w25qxx_read) refers to spi.o(i.Spi1WriteReadByte) for Spi1WriteReadByte
    w25qxx.o(i.w25qxx_readID) refers to spi.o(i.Spi1Select) for Spi1Select
    w25qxx.o(i.w25qxx_readID) refers to spi.o(i.Spi1WriteReadDWord) for Spi1WriteReadDWord
    w25qxx.o(i.w25qxx_readID) refers to spi.o(i.Spi1WriteReadWord) for Spi1WriteReadWord
    w25qxx.o(i.w25qxx_readSR) refers to spi.o(i.Spi1Select) for Spi1Select
    w25qxx.o(i.w25qxx_readSR) refers to spi.o(i.Spi1WriteReadByte) for Spi1WriteReadByte
    w25qxx.o(i.w25qxx_wait_busy) refers to w25qxx.o(i.w25qxx_readSR) for w25qxx_readSR
    w25qxx.o(i.w25qxx_wakeup) refers to spi.o(i.Spi1Select) for Spi1Select
    w25qxx.o(i.w25qxx_wakeup) refers to spi.o(i.Spi1WriteReadByte) for Spi1WriteReadByte
    w25qxx.o(i.w25qxx_wakeup) refers to stm32f1xx_hal.o(i.HAL_Delay) for HAL_Delay
    w25qxx.o(i.w25qxx_write) refers to w25qxx.o(i.w25qxx_read) for w25qxx_read
    w25qxx.o(i.w25qxx_write) refers to w25qxx.o(i.w25qxx_erase_sector) for w25qxx_erase_sector
    w25qxx.o(i.w25qxx_write) refers to w25qxx.o(i.w25qxx_write_nocheck) for w25qxx_write_nocheck
    w25qxx.o(i.w25qxx_write) refers to w25qxx.o(.bss) for w25qxx_buffer
    w25qxx.o(i.w25qxx_writeSR) refers to spi.o(i.Spi1Select) for Spi1Select
    w25qxx.o(i.w25qxx_writeSR) refers to spi.o(i.Spi1WriteReadByte) for Spi1WriteReadByte
    w25qxx.o(i.w25qxx_write_disable) refers to spi.o(i.Spi1Select) for Spi1Select
    w25qxx.o(i.w25qxx_write_disable) refers to spi.o(i.Spi1WriteReadByte) for Spi1WriteReadByte
    w25qxx.o(i.w25qxx_write_enable) refers to spi.o(i.Spi1Select) for Spi1Select
    w25qxx.o(i.w25qxx_write_enable) refers to spi.o(i.Spi1WriteReadByte) for Spi1WriteReadByte
    w25qxx.o(i.w25qxx_write_nocheck) refers to w25qxx.o(i.w25qxx_write_page) for w25qxx_write_page
    w25qxx.o(i.w25qxx_write_page) refers to w25qxx.o(i.w25qxx_write_enable) for w25qxx_write_enable
[...]
    Removing main.o(.rrx_text), (6 bytes).
    Removing main.o(.constdata), (7 bytes).
    Removing gpio.o(.rev16_text), (4 bytes).
    Removing gpio.o(.revsh_text), (4 bytes).
    Removing gpio.o(.rrx_text), (6 bytes).
    Removing gpio.o(.constdata), (7 bytes).
    Removing dma.o(.rev16_text), (4 bytes).
    Removing dma.o(.revsh_text), (4 bytes).
    Removing dma.o(.rrx_text), (6 bytes).
    Removing dma.o(.constdata), (7 bytes).
    Removing user_diskio.o(.rev16_text), (4 bytes).
    Removing user_diskio.o(.revsh_text), (4 bytes).
    Removing user_diskio.o(.rrx_text), (6 bytes).
    Removing user_diskio.o(.constdata), (7 bytes).
    Removing fatfs.o(.rev16_text), (4 bytes).
    Removing fatfs.o(.revsh_text), (4 bytes).
    Removing fatfs.o(.rrx_text), (6 bytes).
    Removing fatfs.o(i.get_disk_info), (88 bytes).
    Removing fatfs.o(.constdata), (7 bytes).
    Removing spi.o(.rev16_text), (4 bytes).
    Removing spi.o(.revsh_text), (4 bytes).
    Removing spi.o(.rrx_text), (6 bytes).
    Removing spi.o(i.HAL_SPI_MspDeInit), (64 bytes).
    Removing spi.o(i.Spi1WriteByte), (28 bytes).
    Removing spi.o(i.Spi1WriteWord), (28 bytes).
    Removing spi.o(.constdata), (7 bytes).
    Removing stm32f1xx_it.o(.rev16_text), (4 bytes).
    Removing stm32f1xx_it.o(.revsh_text), (4 bytes).
    Removing stm32f1xx_it.o(.rrx_text), (6 bytes).
    Removing stm32f1xx_it.o(.constdata), (7 bytes).
    Removing stm32f1xx_hal_msp.o(.rev16_text), (4 bytes).
    Removing stm32f1xx_hal_msp.o(.revsh_text), (4 bytes).
    Removing stm32f1xx_hal_msp.o(.rrx_text), (6 bytes).
    Removing stm32f1xx_hal_msp.o(.constdata), (7 bytes).
    Removing stm32f1xx_hal_gpio_ex.o(.rev16_text), (4 bytes).
    Removing stm32f1xx_hal_gpio_ex.o(.revsh_text), (4 bytes).
    Removing stm32f1xx_hal_gpio_ex.o(.rrx_text), (6 bytes).
    Removing stm32f1xx_hal_gpio_ex.o(i.HAL_GPIOEx_ConfigEventout), (192 bytes).
    Removing stm32f1xx_hal_gpio_ex.o(i.HAL_GPIOEx_DisableEventout), (20 bytes).
    Removing stm32f1xx_hal_gpio_ex.o(i.HAL_GPIOEx_EnableEventout), (20 bytes).
    Removing stm32f1xx_ll_gpio.o(.rev16_text), (4 bytes).
    Removing stm32f1xx_ll_gpio.o(.revsh_text), (4 bytes).
    Removing stm32f1xx_ll_gpio.o(.rrx_text), (6 bytes).
    Removing stm32f1xx_ll_gpio.o(i.LL_APB2_GRP1_ForceReset), (16 bytes).
    Removing stm32f1xx_ll_gpio.o(i.LL_APB2_GRP1_ReleaseReset), (16 bytes).
    Removing stm32f1xx_ll_gpio.o(i.LL_GPIO_DeInit), (228 bytes).
    Removing stm32f1xx_ll_gpio.o(i.LL_GPIO_StructInit), (24 bytes).
    Removing stm32f1xx_ll_dma.o(.rev16_text), (4 bytes).
    Removing stm32f1xx_ll_dma.o(.revsh_text), (4 bytes).
    Removing stm32f1xx_ll_dma.o(.rrx_text), (6 bytes).
    Removing stm32f1xx_ll_dma.o(i.LL_DMA_DeInit), (364 bytes).
    Removing stm32f1xx_ll_dma.o(i.LL_DMA_Init), (432 bytes).
    Removing stm32f1xx_ll_dma.o(i.LL_DMA_StructInit), (24 bytes).
    Removing stm32f1xx_ll_dma.o(.constdata), (7 bytes).
    Removing stm32f1xx_ll_rcc.o(.rev16_text), (4 bytes).
    Removing stm32f1xx_ll_rcc.o(.revsh_text), (4 bytes).
    Removing stm32f1xx_ll_rcc.o(.rrx_text), (6 bytes).
    Removing stm32f1xx_ll_rcc.o(i.LL_RCC_DeInit), (152 bytes).
    Removing stm32f1xx_ll_rcc.o(i.LL_RCC_GetADCClockFreq), (144 bytes).
    Removing stm32f1xx_ll_rcc.o(i.LL_RCC_GetSystemClocksFreq), (36 bytes).
    Removing stm32f1xx_ll_rcc.o(i.LL_RCC_GetUSBClockFreq), (140 bytes).
    Removing stm32f1xx_ll_rcc.o(i.LL_RCC_PLL_IsReady), (16 bytes).
    Removing stm32f1xx_ll_rcc.o(i.RCC_GetHCLKClockFreq), (32 bytes).
    Removing stm32f1xx_ll_rcc.o(i.RCC_GetPCLK1ClockFreq), (36 bytes).
    Removing stm32f1xx_ll_rcc.o(i.RCC_GetPCLK2ClockFreq), (36 bytes).
    Removing stm32f1xx_ll_rcc.o(i.RCC_GetSystemClockFreq), (60 bytes).
    Removing stm32f1xx_ll_rcc.o(i.RCC_PLL_GetFreqDomain_SYS), (88 bytes).
    Removing stm32f1xx_ll_utils.o(.rev16_text), (4 bytes).
    Removing stm32f1xx_ll_utils.o(.revsh_text), (4 bytes).
    Removing stm32f1xx_ll_utils.o(.rrx_text), (6 bytes).
    Removing stm32f1xx_ll_utils.o(i.LL_Init1msTick), (28 bytes).
    Removing stm32f1xx_ll_utils.o(i.LL_PLL_ConfigSystemClock_HSE), (280 bytes).
    Removing stm32f1xx_ll_utils.o(i.LL_PLL_ConfigSystemClock_HSI), (104 bytes).
    Removing stm32f1xx_ll_utils.o(i.LL_RCC_HSE_IsReady), (16 bytes).
    Removing stm32f1xx_ll_utils.o(i.LL_RCC_HSI_IsReady), (16 bytes).
    Removing stm32f1xx_ll_utils.o(i.LL_RCC_PLL_ConfigDomain_SYS), (28 bytes).
    Removing stm32f1xx_ll_utils.o(i.LL_RCC_PLL_IsReady), (16 bytes).
    Removing stm32f1xx_ll_utils.o(i.LL_SetFlashLatency), (108 bytes).
    Removing stm32f1xx_ll_utils.o(i.LL_mDelay), (40 bytes).
    Removing stm32f1xx_ll_utils.o(i.UTILS_EnablePLLAndSwitchSystem), (436 bytes).
    Removing stm32f1xx_ll_utils.o(i.UTILS_GetPLLOutputFrequency), (248 bytes).
    Removing stm32f1xx_ll_utils.o(i.UTILS_PLL_IsBusy), (16 bytes).
    Removing stm32f1xx_ll_exti.o(.rev16_text), (4 bytes).
    Removing stm32f1xx_ll_exti.o(.revsh_text), (4 bytes).
    Removing stm32f1xx_ll_exti.o(.rrx_text), (6 bytes).
    Removing stm32f1xx_ll_exti.o(i.LL_EXTI_DeInit), (40 bytes).
    Removing stm32f1xx_ll_exti.o(i.LL_EXTI_DisableEvent_0_31), (16 bytes).
    Removing stm32f1xx_ll_exti.o(i.LL_EXTI_DisableIT_0_31), (16 bytes).
    Removing stm32f1xx_ll_exti.o(i.LL_EXTI_EnableEvent_0_31), (16 bytes).
    Removing stm32f1xx_ll_exti.o(i.LL_EXTI_EnableFallingTrig_0_31), (16 bytes).
    Removing stm32f1xx_ll_exti.o(i.LL_EXTI_EnableIT_0_31), (16 bytes).
    Removing stm32f1xx_ll_exti.o(i.LL_EXTI_EnableRisingTrig_0_31), (16 bytes).
    Removing stm32f1xx_ll_exti.o(i.LL_EXTI_Init), (340 bytes).
    Removing stm32f1xx_ll_exti.o(i.LL_EXTI_StructInit), (14 bytes).
    Removing stm32f1xx_hal.o(.rev16_text), (4 bytes).
    Removing stm32f1xx_hal.o(.revsh_text), (4 bytes).
    Removing stm32f1xx_hal.o(.rrx_text), (6 bytes).
    Removing stm32f1xx_hal.o(i.HAL_DBGMCU_DisableDBGSleepMode), (20 bytes).
    Removing stm32f1xx_hal.o(i.HAL_DBGMCU_DisableDBGStandbyMode), (20 bytes).
    Removing stm32f1xx_hal.o(i.HAL_DBGMCU_DisableDBGStopMode), (20 bytes).
    Removing stm32f1xx_hal.o(i.HAL_DBGMCU_EnableDBGSleepMode), (20 bytes).
    Removing stm32f1xx_hal.o(i.HAL_DBGMCU_EnableDBGStandbyMode), (20 bytes).
    Removing stm32f1xx_hal.o(i.HAL_DBGMCU_EnableDBGStopMode), (20 bytes).
    Removing stm32f1xx_hal.o(i.HAL_DeInit), (36 bytes).
    Removing stm32f1xx_hal.o(i.HAL_GetDEVID), (16 bytes).
    Removing stm32f1xx_hal.o(i.HAL_GetHalVersion), (8 bytes).
    Removing stm32f1xx_hal.o(i.HAL_GetREVID), (12 bytes).
    Removing stm32f1xx_hal.o(i.HAL_GetTickFreq), (12 bytes).
    Removing stm32f1xx_hal.o(i.HAL_GetTickPrio), (12 bytes).
    Removing stm32f1xx_hal.o(i.HAL_GetUIDw0), (12 bytes).
    Removing stm32f1xx_hal.o(i.HAL_GetUIDw1), (12 bytes).
    Removing stm32f1xx_hal.o(i.HAL_GetUIDw2), (12 bytes).
    Removing stm32f1xx_hal.o(i.HAL_MspDeInit), (2 bytes).
    Removing stm32f1xx_hal.o(i.HAL_MspInit), (2 bytes).
    Removing stm32f1xx_hal.o(i.HAL_ResumeTick), (18 bytes).
    Removing stm32f1xx_hal.o(i.HAL_SetTickFreq), (124 bytes).
    Removing stm32f1xx_hal.o(i.HAL_SuspendTick), (18 bytes).
    Removing stm32f1xx_hal_rcc.o(.rev16_text), (4 bytes).
    Removing stm32f1xx_hal_rcc.o(.revsh_text), (4 bytes).
    Removing stm32f1xx_hal_rcc.o(.rrx_text), (6 bytes).
    Removing stm32f1xx_hal_rcc.o(i.HAL_RCC_CSSCallback), (2 bytes).
    Removing stm32f1xx_hal_rcc.o(i.HAL_RCC_ClockConfig), (712 bytes).
    Removing stm32f1xx_hal_rcc.o(i.HAL_RCC_DeInit), (272 bytes).
    Removing stm32f1xx_hal_rcc.o(i.HAL_RCC_DisableCSS), (12 bytes).
    Removing stm32f1xx_hal_rcc.o(i.HAL_RCC_EnableCSS), (12 bytes).
    Removing stm32f1xx_hal_rcc.o(i.HAL_RCC_GetClockConfig), (156 bytes).
    Removing stm32f1xx_hal_rcc.o(i.HAL_RCC_GetHCLKFreq), (12 bytes).
    Removing stm32f1xx_hal_rcc.o(i.HAL_RCC_GetOscConfig), (276 bytes).
    Removing stm32f1xx_hal_rcc.o(i.HAL_RCC_GetPCLK1Freq), (32 bytes).
    Removing stm32f1xx_hal_rcc.o(i.HAL_RCC_GetPCLK2Freq), (32 bytes).
    Removing stm32f1xx_hal_rcc.o(i.HAL_RCC_GetSysClockFreq), (148 bytes).
    Removing stm32f1xx_hal_rcc.o(i.HAL_RCC_MCOConfig), (224 bytes).
    Removing stm32f1xx_hal_rcc.o(i.HAL_RCC_NMI_IRQHandler), (32 bytes).
    Removing stm32f1xx_hal_rcc.o(i.HAL_RCC_OscConfig), (1572 bytes).
    Removing stm32f1xx_hal_rcc.o(i.RCC_Delay), (40 bytes).
    Removing stm32f1xx_hal_rcc_ex.o(.rev16_text), (4 bytes).
    Removing stm32f1xx_hal_rcc_ex.o(.revsh_text), (4 bytes).
    Removing stm32f1xx_hal_rcc_ex.o(.rrx_text), (6 bytes).
    Removing stm32f1xx_hal_rcc_ex.o(i.HAL_RCCEx_GetPeriphCLKConfig), (60 bytes).
    Removing stm32f1xx_hal_rcc_ex.o(i.HAL_RCCEx_GetPeriphCLKFreq), (376 bytes).
    Removing stm32f1xx_hal_rcc_ex.o(i.HAL_RCCEx_PeriphCLKConfig), (504 bytes).
    Removing stm32f1xx_hal_gpio.o(.rev16_text), (4 bytes).
    Removing stm32f1xx_hal_gpio.o(.revsh_text), (4 bytes).
    Removing stm32f1xx_hal_gpio.o(.rrx_text), (6 bytes).
    Removing stm32f1xx_hal_gpio.o(i.HAL_GPIO_DeInit), (392 bytes).
    Removing stm32f1xx_hal_gpio.o(i.HAL_GPIO_EXTI_Callback), (2 bytes).
    Removing stm32f1xx_hal_gpio.o(i.HAL_GPIO_EXTI_IRQHandler), (28 bytes).
    Removing stm32f1xx_hal_gpio.o(i.HAL_GPIO_LockPin), (192 bytes).
    Removing stm32f1xx_hal_gpio.o(i.HAL_GPIO_ReadPin), (104 bytes).
    Removing stm32f1xx_hal_gpio.o(i.HAL_GPIO_TogglePin), (108 bytes).
    Removing stm32f1xx_hal_gpio.o(i.HAL_GPIO_WritePin), (120 bytes).
    Removing stm32f1xx_hal_dma.o(.rev16_text), (4 bytes).
    Removing stm32f1xx_hal_dma.o(.revsh_text), (4 bytes).
    Removing stm32f1xx_hal_dma.o(.rrx_text), (6 bytes).
    Removing stm32f1xx_hal_dma.o(i.DMA_SetConfig), (44 bytes).
    Removing stm32f1xx_hal_dma.o(i.HAL_DMA_Abort), (86 bytes).
    Removing stm32f1xx_hal_dma.o(i.HAL_DMA_DeInit), (240 bytes).
    Removing stm32f1xx_hal_dma.o(i.HAL_DMA_GetError), (6 bytes).
    Removing stm32f1xx_hal_dma.o(i.HAL_DMA_GetState), (8 bytes).
    Removing stm32f1xx_hal_dma.o(i.HAL_DMA_PollForTransfer), (692 bytes).
    Removing stm32f1xx_hal_dma.o(i.HAL_DMA_RegisterCallback), (90 bytes).
    Removing stm32f1xx_hal_dma.o(i.HAL_DMA_Start), (192 bytes).
    Removing stm32f1xx_hal_dma.o(i.HAL_DMA_Start_IT), (232 bytes).
    Removing stm32f1xx_hal_dma.o(i.HAL_DMA_UnRegisterCallback), (106 bytes).
    Removing stm32f1xx_hal_cortex.o(.rev16_text), (4 bytes).
    Removing stm32f1xx_hal_cortex.o(.revsh_text), (4 bytes).
    Removing stm32f1xx_hal_cortex.o(.rrx_text), (6 bytes).
    Removing stm32f1xx_hal_cortex.o(i.HAL_NVIC_ClearPendingIRQ), (112 bytes).
    Removing stm32f1xx_hal_cortex.o(i.HAL_NVIC_DisableIRQ), (140 bytes).
    Removing stm32f1xx_hal_cortex.o(i.HAL_NVIC_GetActive), (124 bytes).
    Removing stm32f1xx_hal_cortex.o(i.HAL_NVIC_GetPendingIRQ), (124 bytes).
    Removing stm32f1xx_hal_cortex.o(i.HAL_NVIC_GetPriority), (244 bytes).
    Removing stm32f1xx_hal_cortex.o(i.HAL_NVIC_GetPriorityGrouping), (8 bytes).
    Removing stm32f1xx_hal_cortex.o(i.HAL_NVIC_SetPendingIRQ), (112 bytes).
    Removing stm32f1xx_hal_cortex.o(i.HAL_NVIC_SystemReset), (68 bytes).
    Removing stm32f1xx_hal_cortex.o(i.HAL_SYSTICK_CLKSourceConfig), (124 bytes).
    Removing stm32f1xx_hal_cortex.o(i.HAL_SYSTICK_Callback), (2 bytes).
    Removing stm32f1xx_hal_cortex.o(i.HAL_SYSTICK_IRQHandler), (8 bytes).
    Removing stm32f1xx_hal_pwr.o(.rev16_text), (4 bytes).
    Removing stm32f1xx_hal_pwr.o(.revsh_text), (4 bytes).
    Removing stm32f1xx_hal_pwr.o(.rrx_text), (6 bytes).
    Removing stm32f1xx_hal_pwr.o(i.HAL_PWR_ConfigPVD), (372 bytes).
    Removing stm32f1xx_hal_pwr.o(i.HAL_PWR_DeInit), (28 bytes).
    Removing stm32f1xx_hal_pwr.o(i.HAL_PWR_DisableBkUpAccess), (12 bytes).
    Removing stm32f1xx_hal_pwr.o(i.HAL_PWR_DisablePVD), (12 bytes).
    Removing stm32f1xx_hal_pwr.o(i.HAL_PWR_DisableSEVOnPend), (20 bytes).
    Removing stm32f1xx_hal_pwr.o(i.HAL_PWR_DisableSleepOnExit), (20 bytes).
    Removing stm32f1xx_hal_pwr.o(i.HAL_PWR_DisableWakeUpPin), (104 bytes).
    Removing stm32f1xx_hal_pwr.o(i.HAL_PWR_EnableBkUpAccess), (12 bytes).
    Removing stm32f1xx_hal_pwr.o(i.HAL_PWR_EnablePVD), (12 bytes).
    Removing stm32f1xx_hal_pwr.o(i.HAL_PWR_EnableSEVOnPend), (20 bytes).
    Removing stm32f1xx_hal_pwr.o(i.HAL_PWR_EnableSleepOnExit), (20 bytes).
    Removing stm32f1xx_hal_pwr.o(i.HAL_PWR_EnableWakeUpPin), (104 bytes).
    Removing stm32f1xx_hal_pwr.o(i.HAL_PWR_EnterSLEEPMode), (116 bytes).
    Removing stm32f1xx_hal_pwr.o(i.HAL_PWR_EnterSTANDBYMode), (40 bytes).
    Removing stm32f1xx_hal_pwr.o(i.HAL_PWR_EnterSTOPMode), (176 bytes).
    Removing stm32f1xx_hal_pwr.o(i.HAL_PWR_PVDCallback), (2 bytes).
    Removing stm32f1xx_hal_pwr.o(i.HAL_PWR_PVD_IRQHandler), (32 bytes).
    Removing stm32f1xx_hal_pwr.o(i.PWR_OverloadWfe), (6 bytes).
    Removing stm32f1xx_hal_flash.o(.rev16_text), (4 bytes).
    Removing stm32f1xx_hal_flash.o(.revsh_text), (4 bytes).
    Removing stm32f1xx_hal_flash.o(.rrx_text), (6 bytes).
    Removing stm32f1xx_hal_flash.o(i.FLASH_Program_HalfWord), (32 bytes).
    Removing stm32f1xx_hal_flash.o(i.FLASH_SetErrorCode), (132 bytes).
    Removing stm32f1xx_hal_flash.o(i.FLASH_WaitForLastOperation), (112 bytes).
    Removing stm32f1xx_hal_flash.o(i.HAL_FLASH_EndOfOperationCallback), (2 bytes).
    Removing stm32f1xx_hal_flash.o(i.HAL_FLASH_GetError), (12 bytes).
    Removing stm32f1xx_hal_flash.o(i.HAL_FLASH_IRQHandler), (384 bytes).
    Removing stm32f1xx_hal_flash.o(i.HAL_FLASH_Lock), (20 bytes).
    Removing stm32f1xx_hal_flash.o(i.HAL_FLASH_OB_Launch), (8 bytes).
    Removing stm32f1xx_hal_flash.o(i.HAL_FLASH_OB_Lock), (20 bytes).
    Removing stm32f1xx_hal_flash.o(i.HAL_FLASH_OB_Unlock), (44 bytes).
    Removing stm32f1xx_hal_flash.o(i.HAL_FLASH_OperationErrorCallback), (2 bytes).
    Removing stm32f1xx_hal_flash.o(i.HAL_FLASH_Program), (384 bytes).
    Removing stm32f1xx_hal_flash.o(i.HAL_FLASH_Program_IT), (324 bytes).
    Removing stm32f1xx_hal_flash.o(i.HAL_FLASH_Unlock), (48 bytes).
    Removing stm32f1xx_hal_flash.o(.bss), (32 bytes).
    Removing stm32f1xx_hal_flash_ex.o(.rev16_text), (4 bytes).
    Removing stm32f1xx_hal_flash_ex.o(.revsh_text), (4 bytes).
    Removing stm32f1xx_hal_flash_ex.o(.rrx_text), (6 bytes).
    Removing stm32f1xx_hal_flash_ex.o(i.FLASH_MassErase), (124 bytes).
    Removing stm32f1xx_hal_flash_ex.o(i.FLASH_OB_DisableWRP), (308 bytes).
    Removing stm32f1xx_hal_flash_ex.o(i.FLASH_OB_EnableWRP), (312 bytes).
    Removing stm32f1xx_hal_flash_ex.o(i.FLASH_OB_GetRDP), (28 bytes).
    Removing stm32f1xx_hal_flash_ex.o(i.FLASH_OB_GetUser), (16 bytes).
    Removing stm32f1xx_hal_flash_ex.o(i.FLASH_OB_GetWRP), (12 bytes).
    Removing stm32f1xx_hal_flash_ex.o(i.FLASH_OB_ProgramData), (168 bytes).
    Removing stm32f1xx_hal_flash_ex.o(i.FLASH_OB_RDP_LevelConfig), (204 bytes).
    Removing stm32f1xx_hal_flash_ex.o(i.FLASH_OB_UserConfig), (224 bytes).
    Removing stm32f1xx_hal_flash_ex.o(i.FLASH_PageErase), (40 bytes).
    Removing stm32f1xx_hal_flash_ex.o(i.HAL_FLASHEx_Erase), (520 bytes).
    Removing stm32f1xx_hal_flash_ex.o(i.HAL_FLASHEx_Erase_IT), (448 bytes).
    Removing stm32f1xx_hal_flash_ex.o(i.HAL_FLASHEx_OBErase), (96 bytes).
    Removing stm32f1xx_hal_flash_ex.o(i.HAL_FLASHEx_OBGetConfig), (28 bytes).
    Removing stm32f1xx_hal_flash_ex.o(i.HAL_FLASHEx_OBGetUserData), (40 bytes).
    Removing stm32f1xx_hal_flash_ex.o(i.HAL_FLASHEx_OBProgram), (304 bytes).
    Removing stm32f1xx_hal_exti.o(.rev16_text), (4 bytes).
    Removing stm32f1xx_hal_exti.o(.revsh_text), (4 bytes).
    Removing stm32f1xx_hal_exti.o(.rrx_text), (6 bytes).
    Removing stm32f1xx_hal_exti.o(i.HAL_EXTI_ClearConfigLine), (260 bytes).
    Removing stm32f1xx_hal_exti.o(i.HAL_EXTI_ClearPending), (184 bytes).
    Removing stm32f1xx_hal_exti.o(i.HAL_EXTI_GenerateSWI), (164 bytes).
    Removing stm32f1xx_hal_exti.o(i.HAL_EXTI_GetConfigLine), (316 bytes).
    Removing stm32f1xx_hal_exti.o(i.HAL_EXTI_GetHandle), (128 bytes).
    Removing stm32f1xx_hal_exti.o(i.HAL_EXTI_GetPending), (196 bytes).
    Removing stm32f1xx_hal_exti.o(i.HAL_EXTI_IRQHandler), (44 bytes).
    Removing stm32f1xx_hal_exti.o(i.HAL_EXTI_RegisterCallback), (20 bytes).
    Removing stm32f1xx_hal_exti.o(i.HAL_EXTI_SetConfigLine), (464 bytes).
    Removing stm32f1xx_hal_spi.o(.rev16_text), (4 bytes).
    Removing stm32f1xx_hal_spi.o(.revsh_text), (4 bytes).
    Removing stm32f1xx_hal_spi.o(.rrx_text), (6 bytes).
    Removing stm32f1xx_hal_spi.o(i.HAL_SPI_Abort), (348 bytes).
    Removing stm32f1xx_hal_spi.o(i.HAL_SPI_AbortCpltCallback), (2 bytes).
    Removing stm32f1xx_hal_spi.o(i.HAL_SPI_Abort_IT), (360 bytes).
    Removing stm32f1xx_hal_spi.o(i.HAL_SPI_DMAPause), (50 bytes).
    Removing stm32f1xx_hal_spi.o(i.HAL_SPI_DMAResume), (50 bytes).
    Removing stm32f1xx_hal_spi.o(i.HAL_SPI_DMAStop), (72 bytes).
    Removing stm32f1xx_hal_spi.o(i.HAL_SPI_DeInit), (148 bytes).
    Removing stm32f1xx_hal_spi.o(i.HAL_SPI_GetError), (6 bytes).
    Removing stm32f1xx_hal_spi.o(i.HAL_SPI_GetState), (8 bytes).
    Removing stm32f1xx_hal_spi.o(i.HAL_SPI_MspDeInit), (2 bytes).
    Removing stm32f1xx_hal_spi.o(i.HAL_SPI_MspInit), (2 bytes).
    Removing stm32f1xx_hal_spi.o(i.HAL_SPI_Receive), (368 bytes).
    Removing stm32f1xx_hal_spi.o(i.HAL_SPI_Receive_DMA), (372 bytes).
    Removing stm32f1xx_hal_spi.o(i.HAL_SPI_Receive_IT), (220 bytes).
    Removing stm32f1xx_hal_spi.o(i.HAL_SPI_RxCpltCallback), (2 bytes).
    Removing stm32f1xx_hal_spi.o(i.HAL_SPI_RxHalfCpltCallback), (2 bytes).
    Removing stm32f1xx_hal_spi.o(i.HAL_SPI_TransmitReceive_DMA), (468 bytes).
    Removing stm32f1xx_hal_spi.o(i.HAL_SPI_TransmitReceive_IT), (280 bytes).
    Removing stm32f1xx_hal_spi.o(i.HAL_SPI_Transmit_DMA), (348 bytes).
    Removing stm32f1xx_hal_spi.o(i.HAL_SPI_Transmit_IT), (268 bytes).
    Removing stm32f1xx_hal_spi.o(i.HAL_SPI_TxCpltCallback), (2 bytes).
    Removing stm32f1xx_hal_spi.o(i.HAL_SPI_TxHalfCpltCallback), (2 bytes).
    Removing stm32f1xx_hal_spi.o(i.HAL_SPI_TxRxCpltCallback), (2 bytes).
    Removing stm32f1xx_hal_spi.o(i.HAL_SPI_TxRxHalfCpltCallback), (2 bytes).
    Removing stm32f1xx_hal_spi.o(i.SPI_2linesRxISR_16BIT), (52 bytes).
    Removing stm32f1xx_hal_spi.o(i.SPI_2linesRxISR_8BIT), (52 bytes).
    Removing stm32f1xx_hal_spi.o(i.SPI_2linesTxISR_16BIT), (52 bytes).
    Removing stm32f1xx_hal_spi.o(i.SPI_2linesTxISR_8BIT), (52 bytes).
    Removing stm32f1xx_hal_spi.o(i.SPI_AbortRx_ISR), (104 bytes).
    Removing stm32f1xx_hal_spi.o(i.SPI_AbortTx_ISR), (32 bytes).
    Removing stm32f1xx_hal_spi.o(i.SPI_CloseRxTx_ISR), (188 bytes).
    Removing stm32f1xx_hal_spi.o(i.SPI_CloseRx_ISR), (94 bytes).
    Removing stm32f1xx_hal_spi.o(i.SPI_CloseTx_ISR), (160 bytes).
    Removing stm32f1xx_hal_spi.o(i.SPI_DMAError), (40 bytes).
    Removing stm32f1xx_hal_spi.o(i.SPI_DMAHalfReceiveCplt), (14 bytes).
    Removing stm32f1xx_hal_spi.o(i.SPI_DMAHalfTransmitCplt), (14 bytes).
    Removing stm32f1xx_hal_spi.o(i.SPI_DMAHalfTransmitReceiveCplt), (14 bytes).
    Removing stm32f1xx_hal_spi.o(i.SPI_DMAReceiveCplt), (122 bytes).
    Removing stm32f1xx_hal_spi.o(i.SPI_DMARxAbortCallback), (128 bytes).
    Removing stm32f1xx_hal_spi.o(i.SPI_DMATransmitCplt), (126 bytes).
    Removing stm32f1xx_hal_spi.o(i.SPI_DMATransmitReceiveCplt), (102 bytes).
    Removing stm32f1xx_hal_spi.o(i.SPI_DMATxAbortCallback), (156 bytes).
    Removing stm32f1xx_hal_spi.o(i.SPI_EndRxTransaction), (120 bytes).
    Removing stm32f1xx_hal_spi.o(i.SPI_RxISR_16BIT), (36 bytes).
    Removing stm32f1xx_hal_spi.o(i.SPI_RxISR_8BIT), (36 bytes).
    Removing stm32f1xx_hal_spi.o(i.SPI_TxISR_16BIT), (36 bytes).
    Removing stm32f1xx_hal_spi.o(i.SPI_TxISR_8BIT), (36 bytes).
    Removing stm32f1xx_hal_tim.o(.rev16_text), (4 bytes).
    Removing stm32f1xx_hal_tim.o(.revsh_text), (4 bytes).
    Removing stm32f1xx_hal_tim.o(.rrx_text), (6 bytes).
    Removing stm32f1xx_hal_tim_ex.o(.rev16_text), (4 bytes).
    Removing stm32f1xx_hal_tim_ex.o(.revsh_text), (4 bytes).
    Removing stm32f1xx_hal_tim_ex.o(.rrx_text), (6 bytes).
    Removing system_stm32f1xx.o(.rev16_text), (4 bytes).
    Removing system_stm32f1xx.o(.revsh_text), (4 bytes).
    Removing system_stm32f1xx.o(.rrx_text), (6 bytes).
    Removing system_stm32f1xx.o(i.SystemCoreClockUpdate), (164 bytes).
    Removing system_stm32f1xx.o(.constdata), (24 bytes).
    Removing diskio.o(.rev16_text), (4 bytes).
    Removing diskio.o(.revsh_text), (4 bytes).
    Removing diskio.o(.rrx_text), (6 bytes).
    Removing diskio.o(i.get_fattime), (4 bytes).
    Removing diskio.o(.constdata), (7 bytes).
    Removing ff.o(.rev16_text), (4 bytes).
    Removing ff.o(.revsh_text), (4 bytes).
    Removing ff.o(.rrx_text), (6 bytes).
    Removing ff.o(i.dir_read), (232 bytes).
    Removing ff.o(i.dir_remove), (144 bytes).
    Removing ff.o(i.f_chdir), (132 bytes).
    Removing ff.o(i.f_chmod), (132 bytes).
    Removing ff.o(i.f_closedir), (48 bytes).
    Removing ff.o(i.f_findfirst), (46 bytes).
    Removing ff.o(i.f_findnext), (82 bytes).
    Removing ff.o(i.f_getcwd), (402 bytes).
    Removing ff.o(i.f_getfree), (296 bytes).
    Removing ff.o(i.f_getlabel), (234 bytes).
    Removing ff.o(i.f_gets), (84 bytes).
    Removing ff.o(i.f_lseek), (1026 bytes).
    Removing ff.o(i.f_mkdir), (462 bytes).
    Removing ff.o(i.f_opendir), (198 bytes).
    Removing ff.o(i.f_putc), (64 bytes).
    Removing ff.o(i.f_puts), (74 bytes).
    Removing ff.o(i.f_readdir), (112 bytes).
    Removing ff.o(i.f_rename), (432 bytes).
    Removing ff.o(i.f_setlabel), (512 bytes).
    Removing ff.o(i.f_stat), (84 bytes).
    Removing ff.o(i.f_truncate), (282 bytes).
    Removing ff.o(i.f_unlink), (286 bytes).
    Removing ff.o(i.f_utime), (136 bytes).
    Removing ff.o(i.get_achar), (44 bytes).
    Removing ff.o(i.get_fileinfo), (282 bytes).
    Removing ff.o(i.pattern_matching), (200 bytes).
    Removing ff.o(i.pick_lfn), (116 bytes).
    Removing ff_gen_drv.o(.rev16_text), (4 bytes).
    Removing ff_gen_drv.o(.revsh_text), (4 bytes).
    Removing ff_gen_drv.o(.rrx_text), (6 bytes).
    Removing ff_gen_drv.o(i.FATFS_GetAttachedDriversNbr), (12 bytes).
    Removing ff_gen_drv.o(i.FATFS_UnLinkDriver), (14 bytes).
    Removing ff_gen_drv.o(i.FATFS_UnLinkDriverEx), (68 bytes).
    Removing ff_gen_drv.o(.constdata), (7 bytes).
    Removing syscall.o(.rev16_text), (4 bytes).
    Removing syscall.o(.revsh_text), (4 bytes).
    Removing syscall.o(.rrx_text), (6 bytes).
    Removing syscall.o(.constdata), (7 bytes).
    Removing ccsbcs.o(.rev16_text), (4 bytes).
    Removing ccsbcs.o(.revsh_text), (4 bytes).
    Removing ccsbcs.o(.rrx_text), (6 bytes).

370 unused section(s) (total 32811 bytes) removed from the image.

==============================================================================

Image Symbol Table

    Local Symbols

    Symbol Name                              Value     Ov Type        Size  Object(Section)

    ../Drivers/STM32F1xx_HAL_Driver/Src/stm32f1xx_hal.c 0x00000000   Number         0  stm32f1xx_hal.o ABSOLUTE
    ../Drivers/STM32F1xx_HAL_Driver/Src/stm32f1xx_hal_cortex.c 0x00000000   Number         0  stm32f1xx_hal_cortex.o ABSOLUTE
    ../Drivers/STM32F1xx_HAL_Driver/Src/stm32f1xx_hal_dma.c 0x00000000   Number         0  stm32f1xx_hal_dma.o ABSOLUTE
    ../Drivers/STM32F1xx_HAL_Driver/Src/stm32f1xx_hal_exti.c 0x00000000   Number         0  stm32f1xx_hal_exti.o ABSOLUTE
    ../Drivers/STM32F1xx_HAL_Driver/Src/stm32f1xx_hal_flash.c 0x00000000   Number         0  stm32f1xx_hal_flash.o ABSOLUTE
    ../Drivers/STM32F1xx_HAL_Driver/Src/stm32f1xx_hal_flash_ex.c 0x00000000   Number         0  stm32f1xx_hal_flash_ex.o ABSOLUTE
    ../Drivers/STM32F1xx_HAL_Driver/Src/stm32f1xx_hal_gpio.c 0x00000000   Number         0  stm32f1xx_hal_gpio.o ABSOLUTE
    ../Drivers/STM32F1xx_HAL_Driver/Src/stm32f1xx_hal_gpio_ex.c 0x00000000   Number         0  stm32f1xx_hal_gpio_ex.o ABSOLUTE
    ../Drivers/STM32F1xx_HAL_Driver/Src/stm32f1xx_hal_pwr.c 0x00000000   Number         0  stm32f1xx_hal_pwr.o ABSOLUTE
    ../Drivers/STM32F1xx_HAL_Driver/Src/stm32f1xx_hal_rcc.c 0x00000000   Number         0  stm32f1xx_hal_rcc.o ABSOLUTE
    ../Drivers/STM32F1xx_HAL_Driver/Src/stm32f1xx_hal_rcc_ex.c 0x00000000   Number         0  stm32f1xx_hal_rcc_ex.o ABSOLUTE
    ../Drivers/STM32F1xx_HAL_Driver/Src/stm32f1xx_hal_spi.c 0x00000000   Number         0  stm32f1xx_hal_spi.o ABSOLUTE
    ../Drivers/STM32F1xx_HAL_Driver/Src/stm32f1xx_hal_tim.c 0x00000000   Number         0  stm32f1xx_hal_tim.o ABSOLUTE
    ../Drivers/STM32F1xx_HAL_Driver/Src/stm32f1xx_hal_tim_ex.c 0x00000000   Number         0  stm32f1xx_hal_tim_ex.o ABSOLUTE
    ../Drivers/STM32F1xx_HAL_Driver/Src/stm32f1xx_ll_dma.c 0x00000000   Number         0  stm32f1xx_ll_dma.o ABSOLUTE
    ../Drivers/STM32F1xx_HAL_Driver/Src/stm32f1xx_ll_exti.c 0x00000000   Number         0  stm32f1xx_ll_exti.o ABSOLUTE
    ../Drivers/STM32F1xx_HAL_Driver/Src/stm32f1xx_ll_gpio.c 0x00000000   Number         0  stm32f1xx_ll_gpio.o ABSOLUTE
    ../Drivers/STM32F1xx_HAL_Driver/Src/stm32f1xx_ll_rcc.c 0x00000000   Number         0  stm32f1xx_ll_rcc.o ABSOLUTE
    ../Drivers/STM32F1xx_HAL_Driver/Src/stm32f1xx_ll_utils.c 0x00000000   Number         0  stm32f1xx_ll_utils.o ABSOLUTE
    ../Middlewares/Third_Party/FatFs/src/diskio.c 0x00000000   Number         0  diskio.o ABSOLUTE
    ../Middlewares/Third_Party/FatFs/src/ff.c 0x00000000   Number         0  ff.o ABSOLUTE
    ../Middlewares/Third_Party/FatFs/src/ff_gen_drv.c 0x00000000   Number         0  ff_gen_drv.o ABSOLUTE
    ../Middlewares/Third_Party/FatFs/src/option/ccsbcs.c 0x00000000   Number         0  ccsbcs.o ABSOLUTE
    ../Middlewares/Third_Party/FatFs/src/option/syscall.c 0x00000000   Number         0  syscall.o ABSOLUTE
    ../Src/dma.c                             0x00000000   Number         0  dma.o ABSOLUTE
    ../Src/fatfs.c                           0x00000000   Number         0  fatfs.o ABSOLUTE
    ../Src/gpio.c                            0x00000000   Number         0  gpio.o ABSOLUTE
    ../Src/main.c                            0x00000000   Number         0  main.o ABSOLUTE
    ../Src/spi.c                             0x00000000   Number         0  spi.o ABSOLUTE
    ../Src/stm32f1xx_hal_msp.c               0x00000000   Number         0  stm32f1xx_hal_msp.o ABSOLUTE
    ../Src/stm32f1xx_it.c                    0x00000000   Number         0  stm32f1xx_it.o ABSOLUTE
    ../Src/system_stm32f1xx.c                0x00000000   Number         0  system_stm32f1xx.o ABSOLUTE
    ../Src/user_diskio.c                     0x00000000   Number         0  user_diskio.o ABSOLUTE
    ../clib/microlib/init/entry.s            0x00000000   Number         0  entry8a.o ABSOLUTE
    ../clib/microlib/init/entry.s            0x00000000   Number         0  entry11a.o ABSOLUTE
    ../clib/microlib/init/entry.s            0x00000000   Number         0  entry10a.o ABSOLUTE
    ../clib/microlib/init/entry.s            0x00000000   Number         0  entry9b.o ABSOLUTE
    ../clib/microlib/init/entry.s            0x00000000   Number         0  entry9a.o ABSOLUTE
    ../clib/microlib/init/entry.s            0x00000000   Number         0  entry8b.o ABSOLUTE
    ../clib/microlib/init/entry.s            0x00000000   Number         0  entry2.o ABSOLUTE
    ../clib/microlib/init/entry.s            0x00000000   Number         0  entry.o ABSOLUTE
    ../clib/microlib/init/entry.s            0x00000000   Number         0  entry5.o ABSOLUTE
    ../clib/microlib/init/entry.s            0x00000000   Number         0  entry10b.o ABSOLUTE
    ../clib/microlib/init/entry.s            0x00000000   Number         0  entry7a.o ABSOLUTE
    ../clib/microlib/init/entry.s            0x00000000   Number         0  entry7b.o ABSOLUTE
    ../clib/microlib/init/entry.s            0x00000000   Number         0  entry11b.o ABSOLUTE
    ../clib/microlib/init/entry.s            0x00000000   Number         0  entry12a.o ABSOLUTE
    ../clib/microlib/init/entry.s            0x00000000   Number         0  entry12b.o ABSOLUTE
    ../clib/microlib/longlong.c              0x00000000   Number         0  llushr.o ABSOLUTE
    ../clib/microlib/string/memset.c         0x00000000   Number         0  memseta.o ABSOLUTE
    ..\Drivers\STM32F1xx_HAL_Driver\Src\stm32f1xx_hal.c 0x00000000   Number         0  stm32f1xx_hal.o ABSOLUTE
    ..\Drivers\STM32F1xx_HAL_Driver\Src\stm32f1xx_hal_cortex.c 0x00000000   Number         0  stm32f1xx_hal_cortex.o ABSOLUTE
    ..\Drivers\STM32F1xx_HAL_Driver\Src\stm32f1xx_hal_dma.c 0x00000000   Number         0  stm32f1xx_hal_dma.o ABSOLUTE
    ..\Drivers\STM32F1xx_HAL_Driver\Src\stm32f1xx_hal_exti.c 0x00000000   Number         0  stm32f1xx_hal_exti.o ABSOLUTE
    ..\Drivers\STM32F1xx_HAL_Driver\Src\stm32f1xx_hal_flash.c 0x00000000   Number         0  stm32f1xx_hal_flash.o ABSOLUTE
    ..\Drivers\STM32F1xx_HAL_Driver\Src\stm32f1xx_hal_flash_ex.c 0x00000000   Number         0  stm32f1xx_hal_flash_ex.o ABSOLUTE
    ..\Drivers\STM32F1xx_HAL_Driver\Src\stm32f1xx_hal_gpio.c 0x00000000   Number         0  stm32f1xx_hal_gpio.o ABSOLUTE
    ..\Drivers\STM32F1xx_HAL_Driver\Src\stm32f1xx_hal_gpio_ex.c 0x00000000   Number         0  stm32f1xx_hal_gpio_ex.o ABSOLUTE
    ..\Drivers\STM32F1xx_HAL_Driver\Src\stm32f1xx_hal_pwr.c 0x00000000   Number         0  stm32f1xx_hal_pwr.o ABSOLUTE
    ..\Drivers\STM32F1xx_HAL_Driver\Src\stm32f1xx_hal_rcc.c 0x00000000   Number         0  stm32f1xx_hal_rcc.o ABSOLUTE
    ..\Drivers\STM32F1xx_HAL_Driver\Src\stm32f1xx_hal_rcc_ex.c 0x00000000   Number         0  stm32f1xx_hal_rcc_ex.o ABSOLUTE
    ..\Drivers\STM32F1xx_HAL_Driver\Src\stm32f1xx_hal_spi.c 0x00000000   Number         0  stm32f1xx_hal_spi.o ABSOLUTE
    ..\Drivers\STM32F1xx_HAL_Driver\Src\stm32f1xx_hal_tim.c 0x00000000   Number         0  stm32f1xx_hal_tim.o ABSOLUTE
    ..\Drivers\STM32F1xx_HAL_Driver\Src\stm32f1xx_hal_tim_ex.c 0x00000000   Number         0  stm32f1xx_hal_tim_ex.o ABSOLUTE
    ..\Drivers\STM32F1xx_HAL_Driver\Src\stm32f1xx_ll_dma.c 0x00000000   Number         0  stm32f1xx_ll_dma.o ABSOLUTE
    ..\Drivers\STM32F1xx_HAL_Driver\Src\stm32f1xx_ll_exti.c 0x00000000   Number         0  stm32f1xx_ll_exti.o ABSOLUTE
    ..\Drivers\STM32F1xx_HAL_Driver\Src\stm32f1xx_ll_gpio.c 0x00000000   Number         0  stm32f1xx_ll_gpio.o ABSOLUTE
    ..\Drivers\STM32F1xx_HAL_Driver\Src\stm32f1xx_ll_rcc.c 0x00000000   Number         0  stm32f1xx_ll_rcc.o ABSOLUTE
    ..\Drivers\STM32F1xx_HAL_Driver\Src\stm32f1xx_ll_utils.c 0x00000000   Number         0  stm32f1xx_ll_utils.o ABSOLUTE
    ..\Middlewares\Third_Party\FatFs\src\diskio.c 0x00000000   Number         0  diskio.o ABSOLUTE
    ..\Middlewares\Third_Party\FatFs\src\ff.c 0x00000000   Number         0  ff.o ABSOLUTE
    ..\Middlewares\Third_Party\FatFs\src\ff_gen_drv.c 0x00000000   Number         0  ff_gen_drv.o ABSOLUTE
    ..\Middlewares\Third_Party\FatFs\src\option\ccsbcs.c 0x00000000   Number         0  ccsbcs.o ABSOLUTE
    ..\Middlewares\Third_Party\FatFs\src\option\syscall.c 0x00000000   Number         0  syscall.o ABSOLUTE
    ..\Src\dma.c                             0x00000000   Number         0  dma.o ABSOLUTE
    ..\Src\fatfs.c                           0x00000000   Number         0  fatfs.o ABSOLUTE
    ..\Src\gpio.c                            0x00000000   Number         0  gpio.o ABSOLUTE
    ..\Src\main.c                            0x00000000   Number         0  main.o ABSOLUTE
    ..\Src\spi.c                             0x00000000   Number         0  spi.o ABSOLUTE
    ..\Src\stm32f1xx_hal_msp.c               0x00000000   Number         0  stm32f1xx_hal_msp.o ABSOLUTE
    ..\Src\stm32f1xx_it.c                    0x00000000   Number         0  stm32f1xx_it.o ABSOLUTE
    ..\Src\system_stm32f1xx.c                0x00000000   Number         0  system_stm32f1xx.o ABSOLUTE
    ..\Src\user_diskio.c                     0x00000000   Number         0  user_diskio.o ABSOLUTE
    ..\Src\w25qxx.c                          0x00000000   Number         0  w25qxx.o ABSOLUTE
    ..\\Src\\w25qxx.c                        0x00000000   Number         0  w25qxx.o ABSOLUTE
    dc.s                                     0x00000000   Number         0  dc.o ABSOLUTE
    handlers.s                               0x00000000   Number         0  handlers.o ABSOLUTE
    init.s                                   0x00000000   Number         0  init.o ABSOLUTE
    startup_stm32f103xb.s                    0x00000000   Number         0  startup_stm32f103xb.o ABSOLUTE
    RESET                                    0x08000000   Section      236  startup_stm32f103xb.o(RESET)
    .ARM.Collect$$$$00000000                 0x080000ec   Section        0  entry.o(.ARM.Collect$$$$00000000)
    .ARM.Collect$$$$00000001                 0x080000ec   Section        4  entry2.o(.ARM.Collect$$$$00000001)
    .ARM.Collect$$$$00000004                 0x080000f0   Section        4  entry5.o(.ARM.Collect$$$$00000004)
    .ARM.Collect$$$$00000008                 0x080000f4   Section        0  entry7b.o(.ARM.Collect$$$$00000008)
    .ARM.Collect$$$$0000000A                 0x080000f4   Section        0  entry8b.o(.ARM.Collect$$$$0000000A)
    .ARM.Collect$$$$0000000B                 0x080000f4   Section        8  entry9a.o(.ARM.Collect$$$$0000000B)
    .ARM.Collect$$$$0000000E                 0x080000fc   Section        4  entry12b.o(.ARM.Collect$$$$0000000E)
    .ARM.Collect$$$$0000000F                 0x08000100   Section        0  entry10a.o(.ARM.Collect$$$$0000000F)
    .ARM.Collect$$$$00000011                 0x08000100   Section        0  entry11a.o(.ARM.Collect$$$$00000011)
    .ARM.Collect$$$$00002712                 0x08000100   Section        4  entry2.o(.ARM.Collect$$$$00002712)
    __lit__00000000                          0x08000100   Data           4  entry2.o(.ARM.Collect$$$$00002712)
    .text                                    0x08000104   Section       36  startup_stm32f103xb.o(.text)
    .text                                    0x08000128   Section        0  memseta.o(.text)
    .text                                    0x0800014c   Section       36  init.o(.text)
    i.BusFault_Handler                       0x08000170   Section        0  stm32f1xx_it.o(i.BusFault_Handler)
    i.DMA1_Channel2_IRQHandler               0x08000174   Section        0  stm32f1xx_it.o(i.DMA1_Channel2_IRQHandler)
    i.DMA1_Channel3_IRQHandler               0x08000184   Section        0  stm32f1xx_it.o(i.DMA1_Channel3_IRQHandler)
    i.DebugMon_Handler                       0x08000194   Section        0  stm32f1xx_it.o(i.DebugMon_Handler)
    i.Error_Handler                          0x08000196   Section        0  main.o(i.Error_Handler)
    i.FATFS_LinkDriver                       0x0800019c   Section        0  ff_gen_drv.o(i.FATFS_LinkDriver)
    i.FATFS_LinkDriverEx                     0x080001b0   Section        0  ff_gen_drv.o(i.FATFS_LinkDriverEx)
    i.HAL_DMA_Abort_IT                       0x08000204   Section        0  stm32f1xx_hal_dma.o(i.HAL_DMA_Abort_IT)
    i.HAL_DMA_IRQHandler                     0x080002b4   Section        0  stm32f1xx_hal_dma.o(i.HAL_DMA_IRQHandler)
    i.HAL_DMA_Init                           0x08000450   Section        0  stm32f1xx_hal_dma.o(i.HAL_DMA_Init)
    i.HAL_Delay                              0x080005fc   Section        0  stm32f1xx_hal.o(i.HAL_Delay)
    i.HAL_GPIO_Init                          0x08000624   Section        0  stm32f1xx_hal_gpio.o(i.HAL_GPIO_Init)
    i.HAL_GetTick                            0x08000a14   Section        0  stm32f1xx_hal.o(i.HAL_GetTick)
    i.HAL_IncTick                            0x08000a20   Section        0  stm32f1xx_hal.o(i.HAL_IncTick)
    i.HAL_Init                               0x08000a38   Section        0  stm32f1xx_hal.o(i.HAL_Init)
    i.HAL_InitTick                           0x08000a60   Section        0  stm32f1xx_hal.o(i.HAL_InitTick)
    i.HAL_MspInit                            0x08000aac   Section        0  stm32f1xx_hal_msp.o(i.HAL_MspInit)
    i.HAL_NVIC_EnableIRQ                     0x08000b00   Section        0  stm32f1xx_hal_cortex.o(i.HAL_NVIC_EnableIRQ)
    i.HAL_NVIC_SetPriority                   0x08000b6c   Section        0  stm32f1xx_hal_cortex.o(i.HAL_NVIC_SetPriority)
    i.HAL_NVIC_SetPriorityGrouping           0x08000c40   Section        0  stm32f1xx_hal_cortex.o(i.HAL_NVIC_SetPriorityGrouping)
    i.HAL_SPI_ErrorCallback                  0x08000cc8   Section        0  stm32f1xx_hal_spi.o(i.HAL_SPI_ErrorCallback)
    i.HAL_SPI_IRQHandler                     0x08000ccc   Section        0  stm32f1xx_hal_spi.o(i.HAL_SPI_IRQHandler)
    i.HAL_SPI_Init                           0x08000e00   Section        0  stm32f1xx_hal_spi.o(i.HAL_SPI_Init)
    i.HAL_SPI_MspInit                        0x0800108c   Section        0  spi.o(i.HAL_SPI_MspInit)
    i.HAL_SPI_Transmit                       0x08001194   Section        0  stm32f1xx_hal_spi.o(i.HAL_SPI_Transmit)
    i.HAL_SPI_TransmitReceive                0x08001394   Section        0  stm32f1xx_hal_spi.o(i.HAL_SPI_TransmitReceive)
    i.HAL_SYSTICK_Config                     0x08001608   Section        0  stm32f1xx_hal_cortex.o(i.HAL_SYSTICK_Config)
    i.HardFault_Handler                      0x0800163c   Section        0  stm32f1xx_it.o(i.HardFault_Handler)
    i.LL_APB2_GRP1_EnableClock               0x08001640   Section        0  gpio.o(i.LL_APB2_GRP1_EnableClock)
    LL_APB2_GRP1_EnableClock                 0x08001641   Thumb Code    24  gpio.o(i.LL_APB2_GRP1_EnableClock)
    i.LL_GPIO_Init                           0x0800165c   Section        0  stm32f1xx_ll_gpio.o(i.LL_GPIO_Init)
    i.LL_SetSystemCoreClock                  0x08001864   Section        0  stm32f1xx_ll_utils.o(i.LL_SetSystemCoreClock)
    i.MX_DMA_Init                            0x08001870   Section        0  dma.o(i.MX_DMA_Init)
    i.MX_FATFS_Init                          0x080018b0   Section        0  fatfs.o(i.MX_FATFS_Init)
    i.MX_GPIO_Init                           0x080018d8   Section        0  gpio.o(i.MX_GPIO_Init)
    i.MX_SPI1_Init                           0x08001984   Section        0  spi.o(i.MX_SPI1_Init)
    i.MemManage_Handler                      0x080019cc   Section        0  stm32f1xx_it.o(i.MemManage_Handler)
    i.NMI_Handler                            0x080019d0   Section        0  stm32f1xx_it.o(i.NMI_Handler)
    i.PendSV_Handler                         0x080019d4   Section        0  stm32f1xx_it.o(i.PendSV_Handler)
    i.SPI1_IRQHandler                        0x080019d8   Section        0  stm32f1xx_it.o(i.SPI1_IRQHandler)
    i.SPI_DMAAbortOnError                    0x080019e8   Section        0  stm32f1xx_hal_spi.o(i.SPI_DMAAbortOnError)
    SPI_DMAAbortOnError                      0x080019e9   Thumb Code    20  stm32f1xx_hal_spi.o(i.SPI_DMAAbortOnError)
    i.SPI_EndRxTxTransaction                 0x080019fc   Section        0  stm32f1xx_hal_spi.o(i.SPI_EndRxTxTransaction)
    SPI_EndRxTxTransaction                   0x080019fd   Thumb Code    40  stm32f1xx_hal_spi.o(i.SPI_EndRxTxTransaction)
    i.SPI_WaitFlagStateUntilTimeout          0x08001a24   Section        0  stm32f1xx_hal_spi.o(i.SPI_WaitFlagStateUntilTimeout)
    SPI_WaitFlagStateUntilTimeout            0x08001a25   Thumb Code   210  stm32f1xx_hal_spi.o(i.SPI_WaitFlagStateUntilTimeout)
    i.SVC_Handler                            0x08001afc   Section        0  stm32f1xx_it.o(i.SVC_Handler)
    i.Spi1Select                             0x08001b00   Section        0  spi.o(i.Spi1Select)
    i.Spi1WriteDWord                         0x08001b30   Section        0  spi.o(i.Spi1WriteDWord)
    i.Spi1WriteReadByte                      0x08001b4c   Section        0  spi.o(i.Spi1WriteReadByte)
    i.Spi1WriteReadDWord                     0x08001b78   Section        0  spi.o(i.Spi1WriteReadDWord)
    i.Spi1WriteReadWord                      0x08001bbc   Section        0  spi.o(i.Spi1WriteReadWord)
    i.SysTick_Handler                        0x08001bf0   Section        0  stm32f1xx_it.o(i.SysTick_Handler)
    i.SystemClock_Config                     0x08001bf8   Section        0  main.o(i.SystemClock_Config)
    i.SystemInit                             0x08001cfc   Section        0  system_stm32f1xx.o(i.SystemInit)
    i.USER_initialize                        0x08001d00   Section        0  user_diskio.o(i.USER_initialize)
    i.USER_ioctl                             0x08001d20   Section        0  user_diskio.o(i.USER_ioctl)
    i.USER_read                              0x08001d5e   Section        0  user_diskio.o(i.USER_read)
    i.USER_status                            0x08001d90   Section        0  user_diskio.o(i.USER_status)
    i.USER_write                             0x08001da8   Section        0  user_diskio.o(i.USER_write)
    i.UsageFault_Handler                     0x08001dda   Section        0  stm32f1xx_it.o(i.UsageFault_Handler)
    i.__NVIC_GetPriorityGrouping             0x08001de0   Section        0  stm32f1xx_hal_cortex.o(i.__NVIC_GetPriorityGrouping)
    __NVIC_GetPriorityGrouping               0x08001de1   Thumb Code    10  stm32f1xx_hal_cortex.o(i.__NVIC_GetPriorityGrouping)
    i.__NVIC_SetPriority                     0x08001df0   Section        0  stm32f1xx_hal_cortex.o(i.__NVIC_SetPriority)
    __NVIC_SetPriority                       0x08001df1   Thumb Code    32  stm32f1xx_hal_cortex.o(i.__NVIC_SetPriority)
    i.__scatterload_copy                     0x08001e18   Section       14  handlers.o(i.__scatterload_copy)
    i.__scatterload_null                     0x08001e26   Section        2  handlers.o(i.__scatterload_null)
    i.__scatterload_zeroinit                 0x08001e28   Section       14  handlers.o(i.__scatterload_zeroinit)
    i.assert_failed                          0x08001e36   Section        0  main.o(i.assert_failed)
    i.check_fs                               0x08001e38   Section        0  ff.o(i.check_fs)
    check_fs                                 0x08001e39   Thumb Code   150  ff.o(i.check_fs)
    i.chk_chr                                0x08001ed4   Section        0  ff.o(i.chk_chr)
    chk_chr                                  0x08001ed5   Thumb Code    24  ff.o(i.chk_chr)
    i.chk_lock                               0x08001eec   Section        0  ff.o(i.chk_lock)
    chk_lock                                 0x08001eed   Thumb Code   146  ff.o(i.chk_lock)
    i.clear_lock                             0x08001f84   Section        0  ff.o(i.clear_lock)
    clear_lock                               0x08001f85   Thumb Code    42  ff.o(i.clear_lock)
    i.clmt_clust                             0x08001fb4   Section        0  ff.o(i.clmt_clust)
    clmt_clust                               0x08001fb5   Thumb Code    62  ff.o(i.clmt_clust)
    i.clust2sect                             0x08001ff2   Section        0  ff.o(i.clust2sect)
    i.cmp_lfn                                0x08002018   Section        0  ff.o(i.cmp_lfn)
    cmp_lfn                                  0x08002019   Thumb Code   138  ff.o(i.cmp_lfn)
    i.create_chain                           0x080020a8   Section        0  ff.o(i.create_chain)
    create_chain                             0x080020a9   Thumb Code   252  ff.o(i.create_chain)
    i.create_file                            0x080021a4   Section        0  fatfs.o(i.create_file)
    i.create_name                            0x080021ec   Section        0  ff.o(i.create_name)
    create_name                              0x080021ed   Thumb Code   672  ff.o(i.create_name)
    i.dec_lock                               0x080024a4   Section        0  ff.o(i.dec_lock)
    dec_lock                                 0x080024a5   Thumb Code    72  ff.o(i.dec_lock)
    i.dir_alloc                              0x080024f0   Section        0  ff.o(i.dir_alloc)
    dir_alloc                                0x080024f1   Thumb Code   108  ff.o(i.dir_alloc)
    i.dir_find                               0x0800255c   Section        0  ff.o(i.dir_find)
    dir_find                                 0x0800255d   Thumb Code   280  ff.o(i.dir_find)
    i.dir_next                               0x08002674   Section        0  ff.o(i.dir_next)
    dir_next                                 0x08002675   Thumb Code   412  ff.o(i.dir_next)
    i.dir_register                           0x08002810   Section        0  ff.o(i.dir_register)
    dir_register                             0x08002811   Thumb Code   390  ff.o(i.dir_register)
    i.dir_sdi                                0x08002996   Section        0  ff.o(i.dir_sdi)
    dir_sdi                                  0x08002997   Thumb Code   242  ff.o(i.dir_sdi)
    i.disk_initialize                        0x08002a88   Section        0  diskio.o(i.disk_initialize)
    i.disk_ioctl                             0x08002ab4   Section        0  diskio.o(i.disk_ioctl)
    i.disk_read                              0x08002adc   Section        0  diskio.o(i.disk_read)
    i.disk_status                            0x08002b0c   Section        0  diskio.o(i.disk_status)
    i.disk_write                             0x08002b28   Section        0  diskio.o(i.disk_write)
    i.enq_lock                               0x08002b58   Section        0  ff.o(i.enq_lock)
    enq_lock                                 0x08002b59   Thumb Code    36  ff.o(i.enq_lock)
    i.f_close                                0x08002b80   Section        0  ff.o(i.f_close)
    i.f_mkfs                                 0x08002bb4   Section        0  ff.o(i.f_mkfs)
    i.f_mount                                0x08003220   Section        0  ff.o(i.f_mount)
    i.f_open                                 0x08003288   Section        0  ff.o(i.f_open)
    i.f_printf                               0x080034b0   Section        0  ff.o(i.f_printf)
    i.f_read                                 0x08003724   Section        0  ff.o(i.f_read)
    i.f_sync                                 0x08003992   Section        0  ff.o(i.f_sync)
    i.f_write                                0x08003a8c   Section        0  ff.o(i.f_write)
    i.ff_convert                             0x08003d68   Section        0  ccsbcs.o(i.ff_convert)
    i.ff_wtoupper                            0x08003db4   Section        0  ccsbcs.o(i.ff_wtoupper)
    i.find_volume                            0x08003dec   Section        0  ff.o(i.find_volume)
    find_volume                              0x08003ded   Thumb Code  1068  ff.o(i.find_volume)
    i.fit_lfn                                0x08004218   Section        0  ff.o(i.fit_lfn)
    fit_lfn                                  0x08004219   Thumb Code   122  ff.o(i.fit_lfn)
    i.flash_test                             0x08004298   Section        0  w25qxx.o(i.flash_test)
    flash_test                               0x08004299   Thumb Code    82  w25qxx.o(i.flash_test)
    i.follow_path                            0x080042ea   Section        0  ff.o(i.follow_path)
    follow_path                              0x080042eb   Thumb Code   220  ff.o(i.follow_path)
    i.format_disk                            0x080043c8   Section        0  fatfs.o(i.format_disk)
    i.gen_numname                            0x080043f4   Section        0  ff.o(i.gen_numname)
    gen_numname                              0x080043f5   Thumb Code   176  ff.o(i.gen_numname)
    i.get_fat                                0x080044a8   Section        0  ff.o(i.get_fat)
    i.get_fattime                            0x080045a2   Section        0  fatfs.o(i.get_fattime)
    i.get_ldnumber                           0x080045a6   Section        0  ff.o(i.get_ldnumber)
    get_ldnumber                             0x080045a7   Thumb Code    74  ff.o(i.get_ldnumber)
    i.inc_lock                               0x080045f0   Section        0  ff.o(i.inc_lock)
    inc_lock                                 0x080045f1   Thumb Code   238  ff.o(i.inc_lock)
    i.ld_clust                               0x080046e4   Section        0  ff.o(i.ld_clust)
    ld_clust                                 0x080046e5   Thumb Code    36  ff.o(i.ld_clust)
    i.main                                   0x08004708   Section        0  main.o(i.main)
    i.mem_cmp                                0x08004724   Section        0  ff.o(i.mem_cmp)
    mem_cmp                                  0x08004725   Thumb Code    38  ff.o(i.mem_cmp)
    i.mem_cpy                                0x0800474a   Section        0  ff.o(i.mem_cpy)
    mem_cpy                                  0x0800474b   Thumb Code    26  ff.o(i.mem_cpy)
    i.mem_set                                0x08004764   Section        0  ff.o(i.mem_set)
    mem_set                                  0x08004765   Thumb Code    20  ff.o(i.mem_set)
    i.mount_disk                             0x08004778   Section        0  fatfs.o(i.mount_disk)
    i.move_window                            0x0800479c   Section        0  ff.o(i.move_window)
    move_window                              0x0800479d   Thumb Code    62  ff.o(i.move_window)
    i.put_fat                                0x080047da   Section        0  ff.o(i.put_fat)
    i.putc_bfd                               0x08004934   Section        0  ff.o(i.putc_bfd)
    putc_bfd                                 0x08004935   Thumb Code    68  ff.o(i.putc_bfd)
    i.read_file                              0x08004978   Section        0  fatfs.o(i.read_file)
    i.remove_chain                           0x080049c0   Section        0  ff.o(i.remove_chain)
    remove_chain                             0x080049c1   Thumb Code   200  ff.o(i.remove_chain)
    i.st_clust                               0x08004a88   Section        0  ff.o(i.st_clust)
    st_clust                                 0x08004a89   Thumb Code    16  ff.o(i.st_clust)
    i.sum_sfn                                0x08004a98   Section        0  ff.o(i.sum_sfn)
    sum_sfn                                  0x08004a99   Thumb Code    32  ff.o(i.sum_sfn)
    i.sync_fs                                0x08004ab8   Section        0  ff.o(i.sync_fs)
    sync_fs                                  0x08004ab9   Thumb Code   276  ff.o(i.sync_fs)
    i.sync_window                            0x08004bcc   Section        0  ff.o(i.sync_window)
    sync_window                              0x08004bcd   Thumb Code   114  ff.o(i.sync_window)
    i.validate                               0x08004c3e   Section        0  ff.o(i.validate)
    validate                                 0x08004c3f   Thumb Code    82  ff.o(i.validate)
    i.w25qxx_erase_sector                    0x08004c90   Section        0  w25qxx.o(i.w25qxx_erase_sector)
    i.w25qxx_init                            0x08004cbc   Section        0  w25qxx.o(i.w25qxx_init)
    i.w25qxx_read                            0x08004cea   Section        0  w25qxx.o(i.w25qxx_read)
    i.w25qxx_readID                          0x08004d36   Section        0  w25qxx.o(i.w25qxx_readID)
    w25qxx_readID                            0x08004d37   Thumb Code    40  w25qxx.o(i.w25qxx_readID)
    i.w25qxx_readSR                          0x08004d5e   Section        0  w25qxx.o(i.w25qxx_readSR)
    i.w25qxx_wait_busy                       0x08004d80   Section        0  w25qxx.o(i.w25qxx_wait_busy)
    i.w25qxx_write                           0x08004d94   Section        0  w25qxx.o(i.w25qxx_write)
    i.w25qxx_write_enable                    0x08004e4c   Section        0  w25qxx.o(i.w25qxx_write_enable)
    i.w25qxx_write_nocheck                   0x08004e62   Section        0  w25qxx.o(i.w25qxx_write_nocheck)
    i.w25qxx_write_page                      0x08004ea8   Section        0  w25qxx.o(i.w25qxx_write_page)
    .constdata                               0x08004ef8   Section      192  ff.o(.constdata)
    CHANNEL_OFFSET_TAB                       0x08004ef8   Data           7  ff.o(.constdata)
    ExCvt                                    0x08004eff   Data         128  ff.o(.constdata)
    LfnOfs                                   0x08004f7f   Data          13  ff.o(.constdata)
    vst                                      0x08004f8c   Data          22  ff.o(.constdata)
    cst                                      0x08004fa2   Data          22  ff.o(.constdata)
    .constdata                               0x08004fb8   Section     1224  ccsbcs.o(.constdata)
    CHANNEL_OFFSET_TAB                       0x08004fb8   Data           7  ccsbcs.o(.constdata)
    Tbl                                      0x08004fc0   Data         256  ccsbcs.o(.constdata)
    tbl_lower                                0x080050c0   Data         480  ccsbcs.o(.constdata)
    tbl_upper                                0x080052a0   Data         480  ccsbcs.o(.constdata)
    .data                                    0x20000000   Section       24  user_diskio.o(.data)
    Stat                                     0x20000000   Data           1  user_diskio.o(.data)
    .data                                    0x20000018   Section        5  fatfs.o(.data)
    .data                                    0x20000020   Section        9  stm32f1xx_hal.o(.data)
    .data                                    0x2000002c   Section        4  system_stm32f1xx.o(.data)
    .data                                    0x20000030   Section        6  ff.o(.data)
    FatFs                                    0x20000030   Data           4  ff.o(.data)
    Fsid                                     0x20000034   Data           2  ff.o(.data)
    .bss                                     0x20000038   Section     4096  w25qxx.o(.bss)
    .bss                                     0x20001038   Section     8288  fatfs.o(.bss)
    .bss                                     0x20003098   Section      224  spi.o(.bss)
    .bss                                     0x20003178   Section       24  ff.o(.bss)
    Files                                    0x20003178   Data          24  ff.o(.bss)
    .bss                                     0x20003190   Section       12  ff_gen_drv.o(.bss)
    STACK                                    0x200031a0   Section     1024  startup_stm32f103xb.o(STACK)

    Global Symbols

    Symbol Name                              Value     Ov Type        Size  Object(Section)

    BuildAttributes$$THM_ISAv4$P$D$K$B$S$PE$A:L22UL41UL21$X:L11$S22US41US21$IEEE1$IW$USESV6$~STKCKD$USESV7$~SHL$OSPACE$EBA8$MICROLIB$REQ8$PRES8$EABIv2 0x00000000   Number         0  anon$$obj.o ABSOLUTE
    __ARM_use_no_argv                        0x00000000   Number         0  main.o ABSOLUTE
    __arm_fini_                               - Undefined Weak Reference
    __cpp_initialize__aeabi_                  - Undefined Weak Reference
    __cxa_finalize                            - Undefined Weak Reference
    __decompress                              - Undefined Weak Reference
    _clock_init                               - Undefined Weak Reference
    _microlib_exit                            - Undefined Weak Reference
    __Vectors_Size                           0x000000ec   Number         0  startup_stm32f103xb.o ABSOLUTE
    __Vectors                                0x08000000   Data           4  startup_stm32f103xb.o(RESET)
    __Vectors_End                            0x080000ec   Data           0  startup_stm32f103xb.o(RESET)
    __main                                   0x080000ed   Thumb Code     0  entry.o(.ARM.Collect$$$$00000000)
    _main_stk                                0x080000ed   Thumb Code     0  entry2.o(.ARM.Collect$$$$00000001)
    _main_scatterload                        0x080000f1   Thumb Code     0  entry5.o(.ARM.Collect$$$$00000004)
    __main_after_scatterload                 0x080000f5   Thumb Code     0  entry5.o(.ARM.Collect$$$$00000004)
    _main_clock                              0x080000f5   Thumb Code     0  entry7b.o(.ARM.Collect$$$$00000008)
    _main_cpp_init                           0x080000f5   Thumb Code     0  entry8b.o(.ARM.Collect$$$$0000000A)
    _main_init                               0x080000f5   Thumb Code     0  entry9a.o(.ARM.Collect$$$$0000000B)
    __rt_lib_shutdown_fini                   0x080000fd   Thumb Code     0  entry12b.o(.ARM.Collect$$$$0000000E)
    __rt_final_cpp                           0x08000101   Thumb Code     0  entry10a.o(.ARM.Collect$$$$0000000F)
    __rt_final_exit                          0x08000101   Thumb Code     0  entry11a.o(.ARM.Collect$$$$00000011)
    Reset_Handler                            0x08000105   Thumb Code     8  startup_stm32f103xb.o(.text)
    ADC1_2_IRQHandler                        0x0800011f   Thumb Code     0  startup_stm32f103xb.o(.text)
    CAN1_RX1_IRQHandler                      0x0800011f   Thumb Code     0  startup_stm32f103xb.o(.text)
    CAN1_SCE_IRQHandler                      0x0800011f   Thumb Code     0  startup_stm32f103xb.o(.text)
    DMA1_Channel1_IRQHandler                 0x0800011f   Thumb Code     0  startup_stm32f103xb.o(.text)
    DMA1_Channel4_IRQHandler                 0x0800011f   Thumb Code     0  startup_stm32f103xb.o(.text)
    DMA1_Channel5_IRQHandler                 0x0800011f   Thumb Code     0  startup_stm32f103xb.o(.text)
    DMA1_Channel6_IRQHandler                 0x0800011f   Thumb Code     0  startup_stm32f103xb.o(.text)
    DMA1_Channel7_IRQHandler                 0x0800011f   Thumb Code     0  startup_stm32f103xb.o(.text)
    EXTI0_IRQHandler                         0x0800011f   Thumb Code     0  startup_stm32f103xb.o(.text)
    EXTI15_10_IRQHandler                     0x0800011f   Thumb Code     0  startup_stm32f103xb.o(.text)
    EXTI1_IRQHandler                         0x0800011f   Thumb Code     0  startup_stm32f103xb.o(.text)
    EXTI2_IRQHandler                         0x0800011f   Thumb Code     0  startup_stm32f103xb.o(.text)
    EXTI3_IRQHandler                         0x0800011f   Thumb Code     0  startup_stm32f103xb.o(.text)
    EXTI4_IRQHandler                         0x0800011f   Thumb Code     0  startup_stm32f103xb.o(.text)
    EXTI9_5_IRQHandler                       0x0800011f   Thumb Code     0  startup_stm32f103xb.o(.text)
    FLASH_IRQHandler                         0x0800011f   Thumb Code     0  startup_stm32f103xb.o(.text)
    I2C1_ER_IRQHandler                       0x0800011f   Thumb Code     0  startup_stm32f103xb.o(.text)
    I2C1_EV_IRQHandler                       0x0800011f   Thumb Code     0  startup_stm32f103xb.o(.text)
    I2C2_ER_IRQHandler                       0x0800011f   Thumb Code     0  startup_stm32f103xb.o(.text)
    I2C2_EV_IRQHandler                       0x0800011f   Thumb Code     0  startup_stm32f103xb.o(.text)
    PVD_IRQHandler                           0x0800011f   Thumb Code     0  startup_stm32f103xb.o(.text)
    RCC_IRQHandler                           0x0800011f   Thumb Code     0  startup_stm32f103xb.o(.text)
    RTC_Alarm_IRQHandler                     0x0800011f   Thumb Code     0  startup_stm32f103xb.o(.text)
    RTC_IRQHandler                           0x0800011f   Thumb Code     0  startup_stm32f103xb.o(.text)
    SPI2_IRQHandler                          0x0800011f   Thumb Code     0  startup_stm32f103xb.o(.text)
    TAMPER_IRQHandler                        0x0800011f   Thumb Code     0  startup_stm32f103xb.o(.text)
    TIM1_BRK_IRQHandler                      0x0800011f   Thumb Code     0  startup_stm32f103xb.o(.text)
    TIM1_CC_IRQHandler                       0x0800011f   Thumb Code     0  startup_stm32f103xb.o(.text)
    TIM1_TRG_COM_IRQHandler                  0x0800011f   Thumb Code     0  startup_stm32f103xb.o(.text)
    TIM1_UP_IRQHandler                       0x0800011f   Thumb Code     0  startup_stm32f103xb.o(.text)
    TIM2_IRQHandler                          0x0800011f   Thumb Code     0  startup_stm32f103xb.o(.text)
    TIM3_IRQHandler                          0x0800011f   Thumb Code     0  startup_stm32f103xb.o(.text)
    TIM4_IRQHandler                          0x0800011f   Thumb Code     0  startup_stm32f103xb.o(.text)
    USART1_IRQHandler                        0x0800011f   Thumb Code     0  startup_stm32f103xb.o(.text)
    USART2_IRQHandler                        0x0800011f   Thumb Code     0  startup_stm32f103xb.o(.text)
    USART3_IRQHandler                        0x0800011f   Thumb Code     0  startup_stm32f103xb.o(.text)
    USBWakeUp_IRQHandler                     0x0800011f   Thumb Code     0  startup_stm32f103xb.o(.text)
    USB_HP_CAN1_TX_IRQHandler                0x0800011f   Thumb Code     0  startup_stm32f103xb.o(.text)
    USB_LP_CAN1_RX0_IRQHandler               0x0800011f   Thumb Code     0  startup_stm32f103xb.o(.text)
    WWDG_IRQHandler                          0x0800011f   Thumb Code     0  startup_stm32f103xb.o(.text)
    __aeabi_memset                           0x08000129   Thumb Code    14  memseta.o(.text)
    __aeabi_memset4                          0x08000129   Thumb Code     0  memseta.o(.text)
    __aeabi_memset8                          0x08000129   Thumb Code     0  memseta.o(.text)
    __aeabi_memclr                           0x08000137   Thumb Code     4  memseta.o(.text)
    __aeabi_memclr4                          0x08000137   Thumb Code     0  memseta.o(.text)
    __aeabi_memclr8                          0x08000137   Thumb Code     0  memseta.o(.text)
    _memset$wrapper                          0x0800013b   Thumb Code    18  memseta.o(.text)
    __scatterload                            0x0800014d   Thumb Code    28  init.o(.text)
    __scatterload_rt2                        0x0800014d   Thumb Code     0  init.o(.text)
    BusFault_Handler                         0x08000171   Thumb Code     4  stm32f1xx_it.o(i.BusFault_Handler)
    DMA1_Channel2_IRQHandler                 0x08000175   Thumb Code    10  stm32f1xx_it.o(i.DMA1_Channel2_IRQHandler)
    DMA1_Channel3_IRQHandler                 0x08000185   Thumb Code    10  stm32f1xx_it.o(i.DMA1_Channel3_IRQHandler)
    DebugMon_Handler                         0x08000195   Thumb Code     2  stm32f1xx_it.o(i.DebugMon_Handler)
    Error_Handler                            0x08000197   Thumb Code     6  main.o(i.Error_Handler)
    FATFS_LinkDriver                         0x0800019d   Thumb Code    18  ff_gen_drv.o(i.FATFS_LinkDriver)
    FATFS_LinkDriverEx                       0x080001b1   Thumb Code    80  ff_gen_drv.o(i.FATFS_LinkDriverEx)
    HAL_DMA_Abort_IT                         0x08000205   Thumb Code   172  stm32f1xx_hal_dma.o(i.HAL_DMA_Abort_IT)
    HAL_DMA_IRQHandler                       0x080002b5   Thumb Code   408  stm32f1xx_hal_dma.o(i.HAL_DMA_IRQHandler)
    HAL_DMA_Init                             0x08000451   Thumb Code   366  stm32f1xx_hal_dma.o(i.HAL_DMA_Init)
    HAL_Delay                                0x080005fd   Thumb Code    36  stm32f1xx_hal.o(i.HAL_Delay)
    HAL_GPIO_Init                            0x08000625   Thumb Code   892  stm32f1xx_hal_gpio.o(i.HAL_GPIO_Init)
    HAL_GetTick                              0x08000a15   Thumb Code     6  stm32f1xx_hal.o(i.HAL_GetTick)
    HAL_IncTick                              0x08000a21   Thumb Code    16  stm32f1xx_hal.o(i.HAL_IncTick)
    HAL_Init                                 0x08000a39   Thumb Code    34  stm32f1xx_hal.o(i.HAL_Init)
    HAL_InitTick                             0x08000a61   Thumb Code    64  stm32f1xx_hal.o(i.HAL_InitTick)
    HAL_MspInit                              0x08000aad   Thumb Code    76  stm32f1xx_hal_msp.o(i.HAL_MspInit)
    HAL_NVIC_EnableIRQ                       0x08000b01   Thumb Code    48  stm32f1xx_hal_cortex.o(i.HAL_NVIC_EnableIRQ)
    HAL_NVIC_SetPriority                     0x08000b6d   Thumb Code   152  stm32f1xx_hal_cortex.o(i.HAL_NVIC_SetPriority)
    HAL_NVIC_SetPriorityGrouping             0x08000c41   Thumb Code    66  stm32f1xx_hal_cortex.o(i.HAL_NVIC_SetPriorityGrouping)
    HAL_SPI_ErrorCallback                    0x08000cc9   Thumb Code     2  stm32f1xx_hal_spi.o(i.HAL_SPI_ErrorCallback)
    HAL_SPI_IRQHandler                       0x08000ccd   Thumb Code   304  stm32f1xx_hal_spi.o(i.HAL_SPI_IRQHandler)
    HAL_SPI_Init                             0x08000e01   Thumb Code   588  stm32f1xx_hal_spi.o(i.HAL_SPI_Init)
    HAL_SPI_MspInit                          0x0800108d   Thumb Code   238  spi.o(i.HAL_SPI_MspInit)
    HAL_SPI_Transmit                         0x08001195   Thumb Code   454  stm32f1xx_hal_spi.o(i.HAL_SPI_Transmit)
    HAL_SPI_TransmitReceive                  0x08001395   Thumb Code   570  stm32f1xx_hal_spi.o(i.HAL_SPI_TransmitReceive)
    HAL_SYSTICK_Config                       0x08001609   Thumb Code    52  stm32f1xx_hal_cortex.o(i.HAL_SYSTICK_Config)
    HardFault_Handler                        0x0800163d   Thumb Code     4  stm32f1xx_it.o(i.HardFault_Handler)
    LL_GPIO_Init                             0x0800165d   Thumb Code   442  stm32f1xx_ll_gpio.o(i.LL_GPIO_Init)
    LL_SetSystemCoreClock                    0x08001865   Thumb Code     6  stm32f1xx_ll_utils.o(i.LL_SetSystemCoreClock)
    MX_DMA_Init                              0x08001871   Thumb Code    60  dma.o(i.MX_DMA_Init)
    MX_FATFS_Init                            0x080018b1   Thumb Code    28  fatfs.o(i.MX_FATFS_Init)
    MX_GPIO_Init                             0x080018d9   Thumb Code   152  gpio.o(i.MX_GPIO_Init)
    MX_SPI1_Init                             0x08001985   Thumb Code    62  spi.o(i.MX_SPI1_Init)
    MemManage_Handler                        0x080019cd   Thumb Code     4  stm32f1xx_it.o(i.MemManage_Handler)
    NMI_Handler                              0x080019d1   Thumb Code     4  stm32f1xx_it.o(i.NMI_Handler)
    PendSV_Handler                           0x080019d5   Thumb Code     2  stm32f1xx_it.o(i.PendSV_Handler)
    SPI1_IRQHandler                          0x080019d9   Thumb Code    10  stm32f1xx_it.o(i.SPI1_IRQHandler)
    SVC_Handler                              0x08001afd   Thumb Code     2  stm32f1xx_it.o(i.SVC_Handler)
    Spi1Select                               0x08001b01   Thumb Code    42  spi.o(i.Spi1Select)
    Spi1WriteDWord                           0x08001b31   Thumb Code    24  spi.o(i.Spi1WriteDWord)
    Spi1WriteReadByte                        0x08001b4d   Thumb Code    38  spi.o(i.Spi1WriteReadByte)
    Spi1WriteReadDWord                       0x08001b79   Thumb Code    62  spi.o(i.Spi1WriteReadDWord)
    Spi1WriteReadWord                        0x08001bbd   Thumb Code    46  spi.o(i.Spi1WriteReadWord)
    SysTick_Handler                          0x08001bf1   Thumb Code     8  stm32f1xx_it.o(i.SysTick_Handler)
    SystemClock_Config                       0x08001bf9   Thumb Code   248  main.o(i.SystemClock_Config)
    SystemInit                               0x08001cfd   Thumb Code     2  system_stm32f1xx.o(i.SystemInit)
    USER_initialize                          0x08001d01   Thumb Code    28  user_diskio.o(i.USER_initialize)
    USER_ioctl                               0x08001d21   Thumb Code    62  user_diskio.o(i.USER_ioctl)
    USER_read                                0x08001d5f   Thumb Code    50  user_diskio.o(i.USER_read)
    USER_status                              0x08001d91   Thumb Code    18  user_diskio.o(i.USER_status)
    USER_write                               0x08001da9   Thumb Code    50  user_diskio.o(i.USER_write)
    UsageFault_Handler                       0x08001ddb   Thumb Code     4  stm32f1xx_it.o(i.UsageFault_Handler)
    __scatterload_copy                       0x08001e19   Thumb Code    14  handlers.o(i.__scatterload_copy)
    __scatterload_null                       0x08001e27   Thumb Code     2  handlers.o(i.__scatterload_null)
    __scatterload_zeroinit                   0x08001e29   Thumb Code    14  handlers.o(i.__scatterload_zeroinit)
    assert_failed                            0x08001e37   Thumb Code     2  main.o(i.assert_failed)
    clust2sect                               0x08001ff3   Thumb Code    38  ff.o(i.clust2sect)
    create_file                              0x080021a5   Thumb Code    42  fatfs.o(i.create_file)
    disk_initialize                          0x08002a89   Thumb Code    40  diskio.o(i.disk_initialize)
    disk_ioctl                               0x08002ab5   Thumb Code    36  diskio.o(i.disk_ioctl)
    disk_read                                0x08002add   Thumb Code    42  diskio.o(i.disk_read)
    disk_status                              0x08002b0d   Thumb Code    24  diskio.o(i.disk_status)
    disk_write                               0x08002b29   Thumb Code    42  diskio.o(i.disk_write)
    f_close                                  0x08002b81   Thumb Code    50  ff.o(i.f_close)
    f_mkfs                                   0x08002bb5   Thumb Code  1640  ff.o(i.f_mkfs)
    f_mount                                  0x08003221   Thumb Code   100  ff.o(i.f_mount)
    f_open                                   0x08003289   Thumb Code   552  ff.o(i.f_open)
    f_printf                                 0x080034b1   Thumb Code   628  ff.o(i.f_printf)
    f_read                                   0x08003725   Thumb Code   622  ff.o(i.f_read)
    f_sync                                   0x08003993   Thumb Code   250  ff.o(i.f_sync)
    f_write                                  0x08003a8d   Thumb Code   730  ff.o(i.f_write)
    ff_convert                               0x08003d69   Thumb Code    70  ccsbcs.o(i.ff_convert)
    ff_wtoupper                              0x08003db5   Thumb Code    46  ccsbcs.o(i.ff_wtoupper)
    format_disk                              0x080043c9   Thumb Code    38  fatfs.o(i.format_disk)
    get_fat                                  0x080044a9   Thumb Code   250  ff.o(i.get_fat)
    get_fattime                              0x080045a3   Thumb Code     4  fatfs.o(i.get_fattime)
    main                                     0x08004709   Thumb Code    28  main.o(i.main)
    mount_disk                               0x08004779   Thumb Code    28  fatfs.o(i.mount_disk)
    put_fat                                  0x080047db   Thumb Code   346  ff.o(i.put_fat)
    read_file                                0x08004979   Thumb Code    58  fatfs.o(i.read_file)
    w25qxx_erase_sector                      0x08004c91   Thumb Code    44  w25qxx.o(i.w25qxx_erase_sector)
    w25qxx_init                              0x08004cbd   Thumb Code    46  w25qxx.o(i.w25qxx_init)
    w25qxx_read                              0x08004ceb   Thumb Code    76  w25qxx.o(i.w25qxx_read)
    w25qxx_readSR                            0x08004d5f   Thumb Code    34  w25qxx.o(i.w25qxx_readSR)
    w25qxx_wait_busy                         0x08004d81   Thumb Code    18  w25qxx.o(i.w25qxx_wait_busy)
    w25qxx_write                             0x08004d95   Thumb Code   180  w25qxx.o(i.w25qxx_write)
    w25qxx_write_enable                      0x08004e4d   Thumb Code    22  w25qxx.o(i.w25qxx_write_enable)
    w25qxx_write_nocheck                     0x08004e63   Thumb Code    70  w25qxx.o(i.w25qxx_write_nocheck)
    w25qxx_write_page                        0x08004ea9   Thumb Code    80  w25qxx.o(i.w25qxx_write_page)
    Region$$Table$$Base                      0x08005480   Number         0  anon$$obj.o(Region$$Table)
    Region$$Table$$Limit                     0x080054a0   Number         0  anon$$obj.o(Region$$Table)
    USER_Driver                              0x20000004   Data          20  user_diskio.o(.data)
    retUSER                                  0x20000018   Data           1  fatfs.o(.data)
    USERPath                                 0x20000019   Data           4  fatfs.o(.data)
    uwTick                                   0x20000020   Data           4  stm32f1xx_hal.o(.data)
    uwTickPrio                               0x20000024   Data           4  stm32f1xx_hal.o(.data)
    uwTickFreq                               0x20000028   Data           1  stm32f1xx_hal.o(.data)
    SystemCoreClock                          0x2000002c   Data           4  system_stm32f1xx.o(.data)
    w25qxx_buffer                            0x20000038   Data        4096  w25qxx.o(.bss)
    USERFatFS                                0x20001038   Data        4148  fatfs.o(.bss)
    USERFile                                 0x2000206c   Data        4140  fatfs.o(.bss)
    hspi1                                    0x20003098   Data          88  spi.o(.bss)
    hdma_spi1_rx                             0x200030f0   Data          68  spi.o(.bss)
    hdma_spi1_tx                             0x20003134   Data          68  spi.o(.bss)
    disk                                     0x20003190   Data          12  ff_gen_drv.o(.bss)
    __initial_sp                             0x200035a0   Data           0  startup_stm32f103xb.o(STACK)



==============================================================================

Memory Map of the image

  Image Entry point : 0x080000ed

  Load Region LR_IROM1 (Base: 0x08000000, Size: 0x000054d8, Max: 0x00040000, ABSOLUTE)

    Execution Region ER_IROM1 (Exec base: 0x08000000, Load base: 0x08000000, Size: 0x000054a0, Max: 0x00040000, ABSOLUTE)

    Exec Addr    Load Addr    Size         Type   Attr      Idx    E Section Name        Object

    0x08000000   0x08000000   0x000000ec   Data   RO            3    RESET               startup_stm32f103xb.o
    0x080000ec   0x080000ec   0x00000000   Code   RO         3091  * .ARM.Collect$$$$00000000  mc_w.l(entry.o)
    0x080000ec   0x080000ec   0x00000004   Code   RO         3098    .ARM.Collect$$$$00000001  mc_w.l(entry2.o)
    0x080000f0   0x080000f0   0x00000004   Code   RO         3101    .ARM.Collect$$$$00000004  mc_w.l(entry5.o)
    0x080000f4   0x080000f4   0x00000000   Code   RO         3103    .ARM.Collect$$$$00000008  mc_w.l(entry7b.o)
    0x080000f4   0x080000f4   0x00000000   Code   RO         3105    .ARM.Collect$$$$0000000A  mc_w.l(entry8b.o)
    0x080000f4   0x080000f4   0x00000008   Code   RO         3106    .ARM.Collect$$$$0000000B  mc_w.l(entry9a.o)
    0x080000fc   0x080000fc   0x00000004   Code   RO         3113    .ARM.Collect$$$$0000000E  mc_w.l(entry12b.o)
    0x08000100   0x08000100   0x00000000   Code   RO         3108    .ARM.Collect$$$$0000000F  mc_w.l(entry10a.o)
    0x08000100   0x08000100   0x00000000   Code   RO         3110    .ARM.Collect$$$$00000011  mc_w.l(entry11a.o)
    0x08000100   0x08000100   0x00000004   Code   RO         3099    .ARM.Collect$$$$00002712  mc_w.l(entry2.o)
    0x08000104   0x08000104   0x00000024   Code   RO            4    .text               startup_stm32f103xb.o
    0x08000128   0x08000128   0x00000024   Code   RO         3096    .text               mc_w.l(memseta.o)
    0x0800014c   0x0800014c   0x00000024   Code   RO         3114    .text               mc_w.l(init.o)
    0x08000170   0x08000170   0x00000004   Code   RO          610    i.BusFault_Handler  stm32f1xx_it.o
    0x08000174   0x08000174   0x00000010   Code   RO          611    i.DMA1_Channel2_IRQHandler  stm32f1xx_it.o
    0x08000184   0x08000184   0x00000010   Code   RO          612    i.DMA1_Channel3_IRQHandler  stm32f1xx_it.o
    0x08000194   0x08000194   0x00000002   Code   RO          613    i.DebugMon_Handler  stm32f1xx_it.o
    0x08000196   0x08000196   0x00000006   Code   RO          251    i.Error_Handler     main.o
    0x0800019c   0x0800019c   0x00000012   Code   RO         2979    i.FATFS_LinkDriver  ff_gen_drv.o
    0x080001ae   0x080001ae   0x00000002   PAD
    0x080001b0   0x080001b0   0x00000054   Code   RO         2980    i.FATFS_LinkDriverEx  ff_gen_drv.o
    0x08000204   0x08000204   0x000000b0   Code   RO         1493    i.HAL_DMA_Abort_IT  stm32f1xx_hal_dma.o
    0x080002b4   0x080002b4   0x0000019c   Code   RO         1497    i.HAL_DMA_IRQHandler  stm32f1xx_hal_dma.o
    0x08000450   0x08000450   0x000001ac   Code   RO         1498    i.HAL_DMA_Init      stm32f1xx_hal_dma.o
    0x080005fc   0x080005fc   0x00000028   Code   RO         1115    i.HAL_Delay         stm32f1xx_hal.o
    0x08000624   0x08000624   0x000003f0   Code   RO         1428    i.HAL_GPIO_Init     stm32f1xx_hal_gpio.o
    0x08000a14   0x08000a14   0x0000000c   Code   RO         1119    i.HAL_GetTick       stm32f1xx_hal.o
    0x08000a20   0x08000a20   0x00000018   Code   RO         1125    i.HAL_IncTick       stm32f1xx_hal.o
    0x08000a38   0x08000a38   0x00000028   Code   RO         1126    i.HAL_Init          stm32f1xx_hal.o
    0x08000a60   0x08000a60   0x0000004c   Code   RO         1127    i.HAL_InitTick      stm32f1xx_hal.o
    0x08000aac   0x08000aac   0x00000054   Code   RO          706    i.HAL_MspInit       stm32f1xx_hal_msp.o
    0x08000b00   0x08000b00   0x0000006c   Code   RO         1588    i.HAL_NVIC_EnableIRQ  stm32f1xx_hal_cortex.o
    0x08000b6c   0x08000b6c   0x000000d4   Code   RO         1594    i.HAL_NVIC_SetPriority  stm32f1xx_hal_cortex.o
    0x08000c40   0x08000c40   0x00000088   Code   RO         1595    i.HAL_NVIC_SetPriorityGrouping  stm32f1xx_hal_cortex.o
    0x08000cc8   0x08000cc8   0x00000002   Code   RO         2121    i.HAL_SPI_ErrorCallback  stm32f1xx_hal_spi.o
    0x08000cca   0x08000cca   0x00000002   PAD
    0x08000ccc   0x08000ccc   0x00000134   Code   RO         2124    i.HAL_SPI_IRQHandler  stm32f1xx_hal_spi.o
    0x08000e00   0x08000e00   0x0000028c   Code   RO         2125    i.HAL_SPI_Init      stm32f1xx_hal_spi.o
    0x0800108c   0x0800108c   0x00000108   Code   RO          523    i.HAL_SPI_MspInit   spi.o
    0x08001194   0x08001194   0x00000200   Code   RO         2133    i.HAL_SPI_Transmit  stm32f1xx_hal_spi.o
    0x08001394   0x08001394   0x00000274   Code   RO         2134    i.HAL_SPI_TransmitReceive  stm32f1xx_hal_spi.o
    0x08001608   0x08001608   0x00000034   Code   RO         1599    i.HAL_SYSTICK_Config  stm32f1xx_hal_cortex.o
    0x0800163c   0x0800163c   0x00000004   Code   RO          614    i.HardFault_Handler  stm32f1xx_it.o
    0x08001640   0x08001640   0x0000001c   Code   RO          330    i.LL_APB2_GRP1_EnableClock  gpio.o
    0x0800165c   0x0800165c   0x00000208   Code   RO          771    i.LL_GPIO_Init      stm32f1xx_ll_gpio.o
    0x08001864   0x08001864   0x0000000c   Code   RO          952    i.LL_SetSystemCoreClock  stm32f1xx_ll_utils.o
    0x08001870   0x08001870   0x00000040   Code   RO          367    i.MX_DMA_Init       dma.o
    0x080018b0   0x080018b0   0x00000028   Code   RO          454    i.MX_FATFS_Init     fatfs.o
    0x080018d8   0x080018d8   0x000000ac   Code   RO          331    i.MX_GPIO_Init      gpio.o
    0x08001984   0x08001984   0x00000048   Code   RO          524    i.MX_SPI1_Init      spi.o
    0x080019cc   0x080019cc   0x00000004   Code   RO          615    i.MemManage_Handler  stm32f1xx_it.o
    0x080019d0   0x080019d0   0x00000004   Code   RO          616    i.NMI_Handler       stm32f1xx_it.o
    0x080019d4   0x080019d4   0x00000002   Code   RO          617    i.PendSV_Handler    stm32f1xx_it.o
    0x080019d6   0x080019d6   0x00000002   PAD
    0x080019d8   0x080019d8   0x00000010   Code   RO          618    i.SPI1_IRQHandler   stm32f1xx_it.o
    0x080019e8   0x080019e8   0x00000014   Code   RO         2152    i.SPI_DMAAbortOnError  stm32f1xx_hal_spi.o
    0x080019fc   0x080019fc   0x00000028   Code   RO         2163    i.SPI_EndRxTxTransaction  stm32f1xx_hal_spi.o
    0x08001a24   0x08001a24   0x000000d8   Code   RO         2168    i.SPI_WaitFlagStateUntilTimeout  stm32f1xx_hal_spi.o
    0x08001afc   0x08001afc   0x00000002   Code   RO          619    i.SVC_Handler       stm32f1xx_it.o
    0x08001afe   0x08001afe   0x00000002   PAD
    0x08001b00   0x08001b00   0x00000030   Code   RO          525    i.Spi1Select        spi.o
    0x08001b30   0x08001b30   0x0000001c   Code   RO          527    i.Spi1WriteDWord    spi.o
    0x08001b4c   0x08001b4c   0x0000002c   Code   RO          528    i.Spi1WriteReadByte  spi.o
    0x08001b78   0x08001b78   0x00000044   Code   RO          529    i.Spi1WriteReadDWord  spi.o
    0x08001bbc   0x08001bbc   0x00000034   Code   RO          530    i.Spi1WriteReadWord  spi.o
    0x08001bf0   0x08001bf0   0x00000008   Code   RO          620    i.SysTick_Handler   stm32f1xx_it.o
    0x08001bf8   0x08001bf8   0x00000104   Code   RO          252    i.SystemClock_Config  main.o
    0x08001cfc   0x08001cfc   0x00000002   Code   RO         2473    i.SystemInit        system_stm32f1xx.o
    0x08001cfe   0x08001cfe   0x00000002   PAD
    0x08001d00   0x08001d00   0x00000020   Code   RO          396    i.USER_initialize   user_diskio.o
    0x08001d20   0x08001d20   0x0000003e   Code   RO          397    i.USER_ioctl        user_diskio.o
    0x08001d5e   0x08001d5e   0x00000032   Code   RO          398    i.USER_read         user_diskio.o
    0x08001d90   0x08001d90   0x00000018   Code   RO          399    i.USER_status       user_diskio.o
    0x08001da8   0x08001da8   0x00000032   Code   RO          400    i.USER_write        user_diskio.o
    0x08001dda   0x08001dda   0x00000004   Code   RO          621    i.UsageFault_Handler  stm32f1xx_it.o
    0x08001dde   0x08001dde   0x00000002   PAD
    0x08001de0   0x08001de0   0x00000010   Code   RO         1601    i.__NVIC_GetPriorityGrouping  stm32f1xx_hal_cortex.o
    0x08001df0   0x08001df0   0x00000028   Code   RO         1602    i.__NVIC_SetPriority  stm32f1xx_hal_cortex.o
    0x08001e18   0x08001e18   0x0000000e   Code   RO         3118    i.__scatterload_copy  mc_w.l(handlers.o)
    0x08001e26   0x08001e26   0x00000002   Code   RO         3119    i.__scatterload_null  mc_w.l(handlers.o)
    0x08001e28   0x08001e28   0x0000000e   Code   RO         3120    i.__scatterload_zeroinit  mc_w.l(handlers.o)
    0x08001e36   0x08001e36   0x00000002   Code   RO          253    i.assert_failed     main.o
    0x08001e38   0x08001e38   0x0000009c   Code   RO         2566    i.check_fs          ff.o
    0x08001ed4   0x08001ed4   0x00000018   Code   RO         2567    i.chk_chr           ff.o
    0x08001eec   0x08001eec   0x00000098   Code   RO         2568    i.chk_lock          ff.o
    0x08001f84   0x08001f84   0x00000030   Code   RO         2569    i.clear_lock        ff.o
    0x08001fb4   0x08001fb4   0x0000003e   Code   RO         2570    i.clmt_clust        ff.o
    0x08001ff2   0x08001ff2   0x00000026   Code   RO         2571    i.clust2sect        ff.o
    0x08002018   0x08002018   0x00000090   Code   RO         2572    i.cmp_lfn           ff.o
    0x080020a8   0x080020a8   0x000000fc   Code   RO         2573    i.create_chain      ff.o
    0x080021a4   0x080021a4   0x00000048   Code   RO          455    i.create_file       fatfs.o
    0x080021ec   0x080021ec   0x000002b8   Code   RO         2574    i.create_name       ff.o
    0x080024a4   0x080024a4   0x0000004c   Code   RO         2575    i.dec_lock          ff.o
    0x080024f0   0x080024f0   0x0000006c   Code   RO         2576    i.dir_alloc         ff.o
    0x0800255c   0x0800255c   0x00000118   Code   RO         2577    i.dir_find          ff.o
    0x08002674   0x08002674   0x0000019c   Code   RO         2578    i.dir_next          ff.o
    0x08002810   0x08002810   0x00000186   Code   RO         2580    i.dir_register      ff.o
    0x08002996   0x08002996   0x000000f2   Code   RO         2582    i.dir_sdi           ff.o
    0x08002a88   0x08002a88   0x0000002c   Code   RO         2509    i.disk_initialize   diskio.o
    0x08002ab4   0x08002ab4   0x00000028   Code   RO         2510    i.disk_ioctl        diskio.o
    0x08002adc   0x08002adc   0x00000030   Code   RO         2511    i.disk_read         diskio.o
    0x08002b0c   0x08002b0c   0x0000001c   Code   RO         2512    i.disk_status       diskio.o
    0x08002b28   0x08002b28   0x00000030   Code   RO         2513    i.disk_write        diskio.o
    0x08002b58   0x08002b58   0x00000028   Code   RO         2583    i.enq_lock          ff.o
    0x08002b80   0x08002b80   0x00000032   Code   RO         2586    i.f_close           ff.o
    0x08002bb2   0x08002bb2   0x00000002   PAD
    0x08002bb4   0x08002bb4   0x0000066c   Code   RO         2596    i.f_mkfs            ff.o
    0x08003220   0x08003220   0x00000068   Code   RO         2597    i.f_mount           ff.o
    0x08003288   0x08003288   0x00000228   Code   RO         2598    i.f_open            ff.o
    0x080034b0   0x080034b0   0x00000274   Code   RO         2600    i.f_printf          ff.o
    0x08003724   0x08003724   0x0000026e   Code   RO         2603    i.f_read            ff.o
    0x08003992   0x08003992   0x000000fa   Code   RO         2608    i.f_sync            ff.o
    0x08003a8c   0x08003a8c   0x000002da   Code   RO         2612    i.f_write           ff.o
    0x08003d66   0x08003d66   0x00000002   PAD
    0x08003d68   0x08003d68   0x0000004c   Code   RO         3062    i.ff_convert        ccsbcs.o
    0x08003db4   0x08003db4   0x00000038   Code   RO         3063    i.ff_wtoupper       ccsbcs.o
    0x08003dec   0x08003dec   0x0000042c   Code   RO         2613    i.find_volume       ff.o
    0x08004218   0x08004218   0x00000080   Code   RO         2614    i.fit_lfn           ff.o
    0x08004298   0x08004298   0x00000052   Code   RO           13    i.flash_test        w25qxx.o
    0x080042ea   0x080042ea   0x000000dc   Code   RO         2615    i.follow_path       ff.o
    0x080043c6   0x080043c6   0x00000002   PAD
    0x080043c8   0x080043c8   0x0000002c   Code   RO          456    i.format_disk       fatfs.o
    0x080043f4   0x080043f4   0x000000b4   Code   RO         2616    i.gen_numname       ff.o
    0x080044a8   0x080044a8   0x000000fa   Code   RO         2618    i.get_fat           ff.o
    0x080045a2   0x080045a2   0x00000004   Code   RO          458    i.get_fattime       fatfs.o
    0x080045a6   0x080045a6   0x0000004a   Code   RO         2620    i.get_ldnumber      ff.o
    0x080045f0   0x080045f0   0x000000f4   Code   RO         2621    i.inc_lock          ff.o
    0x080046e4   0x080046e4   0x00000024   Code   RO         2622    i.ld_clust          ff.o
    0x08004708   0x08004708   0x0000001c   Code   RO          254    i.main              main.o
    0x08004724   0x08004724   0x00000026   Code   RO         2623    i.mem_cmp           ff.o
    0x0800474a   0x0800474a   0x0000001a   Code   RO         2624    i.mem_cpy           ff.o
    0x08004764   0x08004764   0x00000014   Code   RO         2625    i.mem_set           ff.o
    0x08004778   0x08004778   0x00000024   Code   RO          459    i.mount_disk        fatfs.o
    0x0800479c   0x0800479c   0x0000003e   Code   RO         2626    i.move_window       ff.o
    0x080047da   0x080047da   0x0000015a   Code   RO         2629    i.put_fat           ff.o
    0x08004934   0x08004934   0x00000044   Code   RO         2630    i.putc_bfd          ff.o
    0x08004978   0x08004978   0x00000048   Code   RO          460    i.read_file         fatfs.o
    0x080049c0   0x080049c0   0x000000c8   Code   RO         2631    i.remove_chain      ff.o
    0x08004a88   0x08004a88   0x00000010   Code   RO         2632    i.st_clust          ff.o
    0x08004a98   0x08004a98   0x00000020   Code   RO         2633    i.sum_sfn           ff.o
    0x08004ab8   0x08004ab8   0x00000114   Code   RO         2634    i.sync_fs           ff.o
    0x08004bcc   0x08004bcc   0x00000072   Code   RO         2635    i.sync_window       ff.o
    0x08004c3e   0x08004c3e   0x00000052   Code   RO         2636    i.validate          ff.o
    0x08004c90   0x08004c90   0x0000002c   Code   RO           15    i.w25qxx_erase_sector  w25qxx.o
    0x08004cbc   0x08004cbc   0x0000002e   Code   RO           16    i.w25qxx_init       w25qxx.o
    0x08004cea   0x08004cea   0x0000004c   Code   RO           18    i.w25qxx_read       w25qxx.o
    0x08004d36   0x08004d36   0x00000028   Code   RO           19    i.w25qxx_readID     w25qxx.o
    0x08004d5e   0x08004d5e   0x00000022   Code   RO           20    i.w25qxx_readSR     w25qxx.o
    0x08004d80   0x08004d80   0x00000012   Code   RO           21    i.w25qxx_wait_busy  w25qxx.o
    0x08004d92   0x08004d92   0x00000002   PAD
    0x08004d94   0x08004d94   0x000000b8   Code   RO           23    i.w25qxx_write      w25qxx.o
    0x08004e4c   0x08004e4c   0x00000016   Code   RO           26    i.w25qxx_write_enable  w25qxx.o
    0x08004e62   0x08004e62   0x00000046   Code   RO           27    i.w25qxx_write_nocheck  w25qxx.o
    0x08004ea8   0x08004ea8   0x00000050   Code   RO           28    i.w25qxx_write_page  w25qxx.o
    0x08004ef8   0x08004ef8   0x000000c0   Data   RO         2638    .constdata          ff.o
    0x08004fb8   0x08004fb8   0x000004c8   Data   RO         3064    .constdata          ccsbcs.o
    0x08005480   0x08005480   0x00000020   Data   RO         3116    Region$$Table       anon$$obj.o


    Execution Region RW_IRAM1 (Exec base: 0x20000000, Load base: 0x080054a0, Size: 0x000035a0, Max: 0x0000c000, ABSOLUTE)

    Exec Addr    Load Addr    Size         Type   Attr      Idx    E Section Name        Object

    0x20000000   0x080054a0   0x00000018   Data   RW          402    .data               user_diskio.o
    0x20000018   0x080054b8   0x00000005   Data   RW          463    .data               fatfs.o
    0x2000001d   0x080054bd   0x00000003   PAD
    0x20000020   0x080054c0   0x00000009   Data   RW         1133    .data               stm32f1xx_hal.o
    0x20000029   0x080054c9   0x00000003   PAD
    0x2000002c   0x080054cc   0x00000004   Data   RW         2475    .data               system_stm32f1xx.o
    0x20000030   0x080054d0   0x00000006   Data   RW         2639    .data               ff.o
    0x20000036   0x080054d6   0x00000002   PAD
    0x20000038        -       0x00001000   Zero   RW           29    .bss                w25qxx.o
    0x20001038        -       0x00002060   Zero   RW          461    .bss                fatfs.o
    0x20003098        -       0x000000e0   Zero   RW          532    .bss                spi.o
    0x20003178        -       0x00000018   Zero   RW         2637    .bss                ff.o
    0x20003190        -       0x0000000c   Zero   RW         2983    .bss                ff_gen_drv.o
    0x2000319c   0x080054d6   0x00000004   PAD
    0x200031a0        -       0x00000400   Zero   RW            1    STACK               startup_stm32f103xb.o


==============================================================================

Image component sizes


      Code (inc. data)   RO Data    RW Data    ZI Data      Debug   Object Name

       132         16       1224          0          0       1971   ccsbcs.o
       208         24          0          0          0       3637   diskio.o
        64          4          0          0          0       3130   dma.o
       268         70          0          5       8288       3445   fatfs.o
     11180        160        192          6         24      40998   ff.o
       102          4          0          0         12       1603   ff_gen_drv.o
       200         24          0          0          0      11631   gpio.o
       296         12          0          0          0      18948   main.o
       576         64          0          0        224      12558   spi.o
        36          8        236          0       1024        784   startup_stm32f103xb.o
       192         36          0          9          0       5737   stm32f1xx_hal.o
       564        204          0          0          0      29395   stm32f1xx_hal_cortex.o
      1016         70          0          0          0       2735   stm32f1xx_hal_dma.o
      1008        116          0          0          0       2220   stm32f1xx_hal_gpio.o
        84          8          0          0          0        830   stm32f1xx_hal_msp.o
      2378        190          0          0          0       7857   stm32f1xx_hal_spi.o
        82         18          0          0          0       5002   stm32f1xx_it.o
       520         78          0          0          0      10551   stm32f1xx_ll_gpio.o
        12          6          0          0          0        536   stm32f1xx_ll_utils.o
         0          0          0          0          0        504   syscall.o
         2          0          0          4          0       1039   system_stm32f1xx.o
       218         10          0         24          0       3720   user_diskio.o
       696          4          0          0       4096     376245   w25qxx.o

    ----------------------------------------------------------------------
     19854       1126       1684         56      13672     545076   Object Totals
         0          0         32          0          0          0   (incl. Generated)
        20          0          0          8          4          0   (incl. Padding)

    ----------------------------------------------------------------------

      Code (inc. data)   RO Data    RW Data    ZI Data      Debug   Library Member Name

         0          0          0          0          0          0   entry.o
         0          0          0          0          0          0   entry10a.o
         0          0          0          0          0          0   entry11a.o
         4          0          0          0          0          0   entry12b.o
         8          4          0          0          0          0   entry2.o
         4          0          0          0          0          0   entry5.o
         0          0          0          0          0          0   entry7b.o
         0          0          0          0          0          0   entry8b.o
         8          4          0          0          0          0   entry9a.o
        30          0          0          0          0          0   handlers.o
        36          8          0          0          0         68   init.o
        36          0          0          0          0        108   memseta.o

    ----------------------------------------------------------------------
       126         16          0          0          0        176   Library Totals
         0          0          0          0          0          0   (incl. Padding)

    ----------------------------------------------------------------------

      Code (inc. data)   RO Data    RW Data    ZI Data      Debug   Library Name

       126         16          0          0          0        176   mc_w.l

    ----------------------------------------------------------------------
       126         16          0          0          0        176   Library Totals

    ----------------------------------------------------------------------

==============================================================================


      Code (inc. data)   RO Data    RW Data    ZI Data      Debug   

     19980       1142       1684         56      13672     539060   Grand Totals
     19980       1142       1684         56      13672     539060   ELF Image Totals
     19980       1142       1684         56          0          0   ROM Totals

==============================================================================

    Total RO  Size (Code + RO Data)                21664 (  21.16kB)
    Total RW  Size (RW Data + ZI Data)             13728 (  13.41kB)
    Total ROM Size (Code + RO Data + RW Data)      21720 (  21.21kB)

==============================================================================

